Component: ARM Compiler 5.06 update 7 (build 960) Tool: armlink [4d3601]

==============================================================================

Section Cross References

    startup_stm32l432xx.o(STACK) refers (Special) to heapauxi.o(.text) for __use_two_region_memory
    startup_stm32l432xx.o(HEAP) refers (Special) to heapauxi.o(.text) for __use_two_region_memory
    startup_stm32l432xx.o(RESET) refers (Special) to heapauxi.o(.text) for __use_two_region_memory
    startup_stm32l432xx.o(RESET) refers to startup_stm32l432xx.o(STACK) for __initial_sp
    startup_stm32l432xx.o(RESET) refers to startup_stm32l432xx.o(.text) for Reset_Handler
    startup_stm32l432xx.o(RESET) refers to stm32l4xx_it.o(i.NMI_Handler) for NMI_Handler
    startup_stm32l432xx.o(RESET) refers to stm32l4xx_it.o(i.HardFault_Handler) for HardFault_Handler
    startup_stm32l432xx.o(RESET) refers to stm32l4xx_it.o(i.MemManage_Handler) for MemManage_Handler
    startup_stm32l432xx.o(RESET) refers to stm32l4xx_it.o(i.BusFault_Handler) for BusFault_Handler
    startup_stm32l432xx.o(RESET) refers to stm32l4xx_it.o(i.UsageFault_Handler) for UsageFault_Handler
    startup_stm32l432xx.o(RESET) refers to stm32l4xx_it.o(i.SVC_Handler) for SVC_Handler
    startup_stm32l432xx.o(RESET) refers to stm32l4xx_it.o(i.DebugMon_Handler) for DebugMon_Handler
    startup_stm32l432xx.o(RESET) refers to stm32l4xx_it.o(i.PendSV_Handler) for PendSV_Handler
    startup_stm32l432xx.o(RESET) refers to stm32l4xx_it.o(i.SysTick_Handler) for SysTick_Handler
    startup_stm32l432xx.o(.text) refers (Special) to heapauxi.o(.text) for __use_two_region_memory
    startup_stm32l432xx.o(.text) refers to system_stm32l4xx.o(i.SystemInit) for SystemInit
    startup_stm32l432xx.o(.text) refers to __main.o(!!!main) for __main
    startup_stm32l432xx.o(.text) refers to startup_stm32l432xx.o(HEAP) for Heap_Mem
    startup_stm32l432xx.o(.text) refers to startup_stm32l432xx.o(STACK) for Stack_Mem
    main.o(i.MX_GPIO_Init) refers to rt_memclr_w.o(.text) for __aeabi_memclr4
    main.o(i.MX_GPIO_Init) refers to stm32l4xx_hal_gpio.o(i.HAL_GPIO_WritePin) for HAL_GPIO_WritePin
    main.o(i.MX_GPIO_Init) refers to stm32l4xx_hal_gpio.o(i.HAL_GPIO_Init) for HAL_GPIO_Init
    main.o(i.MX_SPI1_Init) refers to stm32l4xx_hal_spi.o(i.HAL_SPI_Init) for HAL_SPI_Init
    main.o(i.MX_SPI1_Init) refers to main.o(.bss) for .bss
    main.o(i.MX_USART1_UART_Init) refers to stm32l4xx_hal_uart.o(i.HAL_UART_Init) for HAL_UART_Init
    main.o(i.MX_USART1_UART_Init) refers to main.o(.bss) for .bss
    main.o(i.SystemClock_Config) refers to rt_memclr_w.o(.text) for __aeabi_memclr4
    main.o(i.SystemClock_Config) refers to stm32l4xx_hal_pwr_ex.o(i.HAL_PWREx_ControlVoltageScaling) for HAL_PWREx_ControlVoltageScaling
    main.o(i.SystemClock_Config) refers to stm32l4xx_hal_rcc.o(i.HAL_RCC_OscConfig) for HAL_RCC_OscConfig
    main.o(i.SystemClock_Config) refers to stm32l4xx_hal_rcc.o(i.HAL_RCC_ClockConfig) for HAL_RCC_ClockConfig
    main.o(i.fill_accelerometer_buffer) refers to lis3dh_reg.o(i.lis3dh_xl_data_ready_get) for lis3dh_xl_data_ready_get
    main.o(i.fill_accelerometer_buffer) refers to lis3dh_reg.o(i.lis3dh_acceleration_raw_get) for lis3dh_acceleration_raw_get
    main.o(i.fill_accelerometer_buffer) refers to main.o(.data) for .data
    main.o(i.fill_accelerometer_buffer) refers to main.o(.bss) for .bss
    main.o(i.main) refers to _printf_percent.o(.ARM.Collect$$_printf_percent$$00000000) for _printf_percent
    main.o(i.main) refers to _printf_d.o(.ARM.Collect$$_printf_percent$$00000009) for _printf_d
    main.o(i.main) refers to _printf_dec.o(.text) for _printf_int_dec
    main.o(i.main) refers to stm32l4xx_hal.o(i.HAL_Init) for HAL_Init
    main.o(i.main) refers to main.o(i.SystemClock_Config) for SystemClock_Config
    main.o(i.main) refers to main.o(i.MX_GPIO_Init) for MX_GPIO_Init
    main.o(i.main) refers to main.o(i.MX_SPI1_Init) for MX_SPI1_Init
    main.o(i.main) refers to main.o(i.MX_USART1_UART_Init) for MX_USART1_UART_Init
    main.o(i.main) refers to lis3dh_reg.o(i.lis3dh_device_id_get) for lis3dh_device_id_get
    main.o(i.main) refers to lis3dh_reg.o(i.lis3dh_block_data_update_set) for lis3dh_block_data_update_set
    main.o(i.main) refers to lis3dh_reg.o(i.lis3dh_data_rate_set) for lis3dh_data_rate_set
    main.o(i.main) refers to lis3dh_reg.o(i.lis3dh_full_scale_set) for lis3dh_full_scale_set
    main.o(i.main) refers to lis3dh_reg.o(i.lis3dh_operating_mode_set) for lis3dh_operating_mode_set
    main.o(i.main) refers to NanoEdgeAI.o(.text.neai_anomalydetection_init) for neai_anomalydetection_init
    main.o(i.main) refers to noretval__2printf.o(.text) for __2printf
    main.o(i.main) refers to main.o(i.fill_accelerometer_buffer) for fill_accelerometer_buffer
    main.o(i.main) refers to NanoEdgeAI.o(.text.neai_anomalydetection_learn) for neai_anomalydetection_learn
    main.o(i.main) refers to NanoEdgeAI.o(.text.neai_anomalydetection_detect) for neai_anomalydetection_detect
[...]
    x$fpl$dnaninf                            0x08005648   Section      258  dnaninf.o(x$fpl$dnaninf)
    $v0                                      0x08005648   Number         0  dnaninf.o(x$fpl$dnaninf)
    x$fpl$drenorm                            0x0800574a   Section      112  drenorm_clz.o(x$fpl$drenorm)
    $v0                                      0x0800574a   Number         0  drenorm_clz.o(x$fpl$drenorm)
    x$fpl$dretinf                            0x080057ba   Section       12  dretinf.o(x$fpl$dretinf)
    $v0                                      0x080057ba   Number         0  dretinf.o(x$fpl$dretinf)
    x$fpl$drsb                               0x080057c8   Section       80  daddsub_clz.o(x$fpl$drsb)
    $v0                                      0x080057c8   Number         0  daddsub_clz.o(x$fpl$drsb)
    x$fpl$dsub                               0x08005818   Section      668  daddsub_clz.o(x$fpl$dsub)
    $v0                                      0x08005818   Number         0  daddsub_clz.o(x$fpl$dsub)
    _dsub1                                   0x08005843   Thumb Code     0  daddsub_clz.o(x$fpl$dsub)
    daddsub_denorm                           0x08005a07   Thumb Code     0  daddsub_clz.o(x$fpl$dsub)
    dsub_uncommon_first                      0x08005a1b   Thumb Code     0  daddsub_clz.o(x$fpl$dsub)
    dsub_zerodenorm                          0x08005a39   Thumb Code     0  daddsub_clz.o(x$fpl$dsub)
    x$fpl$dunder                             0x08005ab4   Section      378  dunder_clz.o(x$fpl$dunder)
    $v0                                      0x08005ab4   Number         0  dunder_clz.o(x$fpl$dunder)
    x$fpl$exception                          0x08005c30   Section      492  except.o(x$fpl$exception)
    $v0                                      0x08005c30   Number         0  except.o(x$fpl$exception)
    x$fpl$f2d                                0x08005e1c   Section      122  f2d.o(x$fpl$f2d)
    $v0                                      0x08005e1c   Number         0  f2d.o(x$fpl$f2d)
    x$fpl$fadd                               0x08005e96   Section       18  faddsub_clz.o(x$fpl$fadd)
    $v0                                      0x08005e96   Number         0  faddsub_clz.o(x$fpl$fadd)
    x$fpl$fcmp                               0x08005ea8   Section       84  fcmp.o(x$fpl$fcmp)
    $v0                                      0x08005ea8   Number         0  fcmp.o(x$fpl$fcmp)
    x$fpl$fcmpinf                            0x08005efc   Section       24  fcmpi.o(x$fpl$fcmpinf)
    $v0                                      0x08005efc   Number         0  fcmpi.o(x$fpl$fcmpinf)
    x$fpl$fdiv                               0x08005f14   Section       18  fdiv.o(x$fpl$fdiv)
    $v0                                      0x08005f14   Number         0  fdiv.o(x$fpl$fdiv)
    x$fpl$feqf                               0x08005f28   Section       52  feqf.o(x$fpl$feqf)
    $v0                                      0x08005f28   Number         0  feqf.o(x$fpl$feqf)
    x$fpl$ffixu                              0x08005f5c   Section       68  ffixu.o(x$fpl$ffixu)
    $v0                                      0x08005f5c   Number         0  ffixu.o(x$fpl$ffixu)
    x$fpl$fflt                               0x08005fa0   Section       14  fflt_clz.o(x$fpl$fflt)
    $v0                                      0x08005fa0   Number         0  fflt_clz.o(x$fpl$fflt)
    x$fpl$ffltu                              0x08005fae   Section       14  fflt_clz.o(x$fpl$ffltu)
    $v0                                      0x08005fae   Number         0  fflt_clz.o(x$fpl$ffltu)
    x$fpl$fgeqf                              0x08005fbc   Section       56  fgeqf.o(x$fpl$fgeqf)
    $v0                                      0x08005fbc   Number         0  fgeqf.o(x$fpl$fgeqf)
    x$fpl$fleqf                              0x08005ff4   Section       56  fleqf.o(x$fpl$fleqf)
    $v0                                      0x08005ff4   Number         0  fleqf.o(x$fpl$fleqf)
    x$fpl$fmul                               0x0800602c   Section       18  fmul.o(x$fpl$fmul)
    $v0                                      0x0800602c   Number         0  fmul.o(x$fpl$fmul)
    x$fpl$fnaninf                            0x0800603e   Section      242  fnaninf.o(x$fpl$fnaninf)
    $v0                                      0x0800603e   Number         0  fnaninf.o(x$fpl$fnaninf)
    x$fpl$fpinit                             0x08006130   Section       10  fpinit.o(x$fpl$fpinit)
    $v0                                      0x08006130   Number         0  fpinit.o(x$fpl$fpinit)
    x$fpl$fretinf                            0x0800613a   Section       10  fretinf.o(x$fpl$fretinf)
    $v0                                      0x0800613a   Number         0  fretinf.o(x$fpl$fretinf)
    x$fpl$fsub                               0x08006144   Section       18  faddsub_clz.o(x$fpl$fsub)
    $v0                                      0x08006144   Number         0  faddsub_clz.o(x$fpl$fsub)
    x$fpl$funder                             0x08006156   Section      316  funder_clz.o(x$fpl$funder)
    $v0                                      0x08006156   Number         0  funder_clz.o(x$fpl$funder)
    x$fpl$retnan                             0x08006292   Section      178  retnan.o(x$fpl$retnan)
    $v0                                      0x08006292   Number         0  retnan.o(x$fpl$retnan)
    x$fpl$trapveneer                         0x08006344   Section      126  trapv.o(x$fpl$trapveneer)
    $v0                                      0x08006344   Number         0  trapv.o(x$fpl$trapveneer)
    x$fpl$usenofp                            0x080063c2   Section        0  usenofp.o(x$fpl$usenofp)
    .constdata                               0x080063c4   Section       64  system_stm32l4xx.o(.constdata)
    .constdata                               0x08006404   Section        8  system_stm32l4xx.o(.constdata)
    .constdata                               0x0800640c   Section       48  expf.o(.constdata)
    twotokover4top                           0x0800640c   Data          16  expf.o(.constdata)
    twotokover4bot                           0x0800641c   Data          16  expf.o(.constdata)
    twotokover4all                           0x0800642c   Data          16  expf.o(.constdata)
    .constdata                               0x08006440   Section       56  log.o(.constdata)
    Lg2                                      0x08006440   Data          24  log.o(.constdata)
    Lg                                       0x08006458   Data          32  log.o(.constdata)
    .constdata                               0x08006478   Section        8  qnan.o(.constdata)
    .constdata                               0x08006480   Section        4  sys_io.o(.constdata)
    .constdata                               0x08006484   Section        4  sys_io.o(.constdata)
    .constdata                               0x08006488   Section        4  sys_io.o(.constdata)
    .data                                    0x20000000   Section        8  main.o(.data)
    whoamI                                   0x20000000   Data           1  main.o(.data)
    data_raw_acceleration                    0x20000002   Data           6  main.o(.data)
    .data                                    0x20000008   Section       12  stm32l4xx_hal.o(.data)
    .data                                    0x20000014   Section        4  system_stm32l4xx.o(.data)
    .data                                    0x20000018   Section        4  stdio_streams.o(.data)
    .data                                    0x2000001c   Section        4  stdio_streams.o(.data)
    .data                                    0x20000020   Section        4  stdio_streams.o(.data)
    [Anonymous Symbol]                       0x20000024   Section        0  NanoEdgeAI.o(.data.funccad23)
    [Anonymous Symbol]                       0x20000028   Section        0  NanoEdgeAI.o(.neai)
    .bss                                     0x20000210   Section     6396  main.o(.bss)
    .bss                                     0x20001b0c   Section       84  stdio_streams.o(.bss)
    .bss                                     0x20001b60   Section       84  stdio_streams.o(.bss)
    .bss                                     0x20001bb4   Section       84  stdio_streams.o(.bss)
    .bss                                     0x20001c08   Section       96  libspace.o(.bss)
    [Anonymous Symbol]                       0x20001c68   Section        0  NanoEdgeAI.o(.bss.funccad18)
    [Anonymous Symbol]                       0x20001ce0   Section        0  NanoEdgeAI.o(.bss.funccad59)
    HEAP                                     0x200024e0   Section      512  startup_stm32l432xx.o(HEAP)
    Heap_Mem                                 0x200024e0   Data         512  startup_stm32l432xx.o(HEAP)
    STACK                                    0x200026e0   Section     1024  startup_stm32l432xx.o(STACK)
    Stack_Mem                                0x200026e0   Data        1024  startup_stm32l432xx.o(STACK)
    __initial_sp                             0x20002ae0   Data           0  startup_stm32l432xx.o(STACK)

    Global Symbols

    Symbol Name                              Value     Ov Type        Size  Object(Section)

    BuildAttributes$$THM_ISAv4$E$P$D$K$B$S$7EM$VFPi3$EXTD16$VFPS$VFMA$PE$A:L22UL41UL21$X:L11$S22US41US21$IEEE1$IW$USESV6$~STKCKD$USESV7$~SHL$OTIME$ROPI$IEEEX$EBA8$UX$STANDARDLIB$REQ8$PRES8$EABIv2 0x00000000   Number         0  anon$$obj.o ABSOLUTE
    __ARM_use_no_argv                        0x00000000   Number         0  main.o ABSOLUTE
    _printf_flags                            0x00000000   Number         0  printf_stubs.o ABSOLUTE
    _printf_return_value                     0x00000000   Number         0  printf_stubs.o ABSOLUTE
    _printf_sizespec                         0x00000000   Number         0  printf_stubs.o ABSOLUTE
    _printf_widthprec                        0x00000000   Number         0  printf_stubs.o ABSOLUTE
    __ARM_exceptions_init                     - Undefined Weak Reference
    __alloca_initialize                       - Undefined Weak Reference
    __arm_fini_                               - Undefined Weak Reference
    __arm_preinit_                            - Undefined Weak Reference
    __cpp_initialize__aeabi_                  - Undefined Weak Reference
    __cxa_finalize                            - Undefined Weak Reference
    __sigvec_lookup                           - Undefined Weak Reference
    __user_heap_extent                        - Undefined Weak Reference
    _atexit_init                              - Undefined Weak Reference
    _call_atexit_fns                          - Undefined Weak Reference
    _clock_init                               - Undefined Weak Reference
    _fp_trap_big                              - Undefined Weak Reference
    _fp_trap_init                             - Undefined Weak Reference
    _fp_trap_shutdown                         - Undefined Weak Reference
    _get_lc_collate                           - Undefined Weak Reference
    _get_lc_ctype                             - Undefined Weak Reference
    _get_lc_monetary                          - Undefined Weak Reference
    _get_lc_time                              - Undefined Weak Reference
    _getenv_init                              - Undefined Weak Reference
    _handle_redirection                       - Undefined Weak Reference
    _mutex_acquire                            - Undefined Weak Reference
    _mutex_free                               - Undefined Weak Reference
    _mutex_release                            - Undefined Weak Reference
    _printf_post_padding                      - Undefined Weak Reference
    _printf_pre_padding                       - Undefined Weak Reference
    _printf_truncate_signed                   - Undefined Weak Reference
    _printf_truncate_unsigned                 - Undefined Weak Reference
    _rand_init                                - Undefined Weak Reference
    _signal_finish                            - Undefined Weak Reference
    _signal_init                              - Undefined Weak Reference
    __Vectors_Size                           0x0000018c   Number         0  startup_stm32l432xx.o ABSOLUTE
    __Vectors                                0x08000000   Data           4  startup_stm32l432xx.o(RESET)
    __Vectors_End                            0x0800018c   Data           0  startup_stm32l432xx.o(RESET)
    __main                                   0x0800018d   Thumb Code     8  __main.o(!!!main)
    __scatterload                            0x08000195   Thumb Code     0  __scatter.o(!!!scatter)
    __scatterload_rt2                        0x08000195   Thumb Code    44  __scatter.o(!!!scatter)
    __scatterload_rt2_thumb_only             0x08000195   Thumb Code     0  __scatter.o(!!!scatter)
    __scatterload_null                       0x080001a3   Thumb Code     0  __scatter.o(!!!scatter)
    __decompress                             0x080001c9   Thumb Code    58  __dczerorl.o(!!dczerorl)
    __decompress0                            0x080001c9   Thumb Code     0  __dczerorl.o(!!dczerorl)
    __scatterload_zeroinit                   0x08000205   Thumb Code    28  __scatter_zi.o(!!handler_zi)
    _printf_d                                0x08000221   Thumb Code     0  _printf_d.o(.ARM.Collect$$_printf_percent$$00000009)
    _printf_percent                          0x08000221   Thumb Code     0  _printf_percent.o(.ARM.Collect$$_printf_percent$$00000000)
    _printf_percent_end                      0x08000227   Thumb Code     0  _printf_percent_end.o(.ARM.Collect$$_printf_percent$$00000017)
    __rt_lib_init                            0x0800022b   Thumb Code     0  libinit.o(.ARM.Collect$$libinit$$00000000)
    __rt_lib_init_fp_1                       0x0800022d   Thumb Code     0  libinit2.o(.ARM.Collect$$libinit$$00000001)
    __rt_lib_init_heap_2                     0x08000231   Thumb Code     0  libinit2.o(.ARM.Collect$$libinit$$00000005)
    __rt_lib_init_preinit_1                  0x08000231   Thumb Code     0  libinit2.o(.ARM.Collect$$libinit$$00000004)
    __rt_lib_init_atexit_1                   0x08000239   Thumb Code     0  libinit2.o(.ARM.Collect$$libinit$$0000001B)
    __rt_lib_init_clock_1                    0x08000239   Thumb Code     0  libinit2.o(.ARM.Collect$$libinit$$00000021)
    __rt_lib_init_fp_trap_1                  0x08000239   Thumb Code     0  libinit2.o(.ARM.Collect$$libinit$$0000001F)
    __rt_lib_init_getenv_1                   0x08000239   Thumb Code     0  libinit2.o(.ARM.Collect$$libinit$$00000023)
    __rt_lib_init_heap_1                     0x08000239   Thumb Code     0  libinit2.o(.ARM.Collect$$libinit$$0000000A)
    __rt_lib_init_lc_collate_1               0x08000239   Thumb Code     0  libinit2.o(.ARM.Collect$$libinit$$00000011)
    __rt_lib_init_lc_ctype_1                 0x08000239   Thumb Code     0  libinit2.o(.ARM.Collect$$libinit$$00000013)
    __rt_lib_init_lc_monetary_1              0x08000239   Thumb Code     0  libinit2.o(.ARM.Collect$$libinit$$00000015)
    __rt_lib_init_lc_numeric_1               0x08000239   Thumb Code     0  libinit2.o(.ARM.Collect$$libinit$$00000017)
    __rt_lib_init_lc_time_1                  0x08000239   Thumb Code     0  libinit2.o(.ARM.Collect$$libinit$$00000019)
    __rt_lib_init_rand_1                     0x08000239   Thumb Code     0  libinit2.o(.ARM.Collect$$libinit$$0000000E)
    __rt_lib_init_signal_1                   0x08000239   Thumb Code     0  libinit2.o(.ARM.Collect$$libinit$$0000001D)
    __rt_lib_init_stdio_2                    0x08000239   Thumb Code     0  libinit2.o(.ARM.Collect$$libinit$$00000024)
    __rt_lib_init_user_alloc_1               0x08000239   Thumb Code     0  libinit2.o(.ARM.Collect$$libinit$$0000000C)
    __rt_lib_init_alloca_1                   0x0800023d   Thumb Code     0  libinit2.o(.ARM.Collect$$libinit$$0000002E)
    __rt_lib_init_argv_1                     0x0800023d   Thumb Code     0  libinit2.o(.ARM.Collect$$libinit$$0000002C)
    __rt_lib_init_cpp_1                      0x0800023d   Thumb Code     0  libinit2.o(.ARM.Collect$$libinit$$00000032)
    __rt_lib_init_exceptions_1               0x0800023d   Thumb Code     0  libinit2.o(.ARM.Collect$$libinit$$00000030)
    __rt_lib_init_return                     0x0800023d   Thumb Code     0  libinit2.o(.ARM.Collect$$libinit$$00000033)
    __rt_lib_init_stdio_1                    0x0800023d   Thumb Code     0  libinit2.o(.ARM.Collect$$libinit$$00000025)
    __rt_lib_shutdown                        0x0800023f   Thumb Code     0  libshutdown.o(.ARM.Collect$$libshutdown$$00000000)
    __rt_lib_shutdown_cpp_1                  0x08000241   Thumb Code     0  libshutdown2.o(.ARM.Collect$$libshutdown$$00000004)
    __rt_lib_shutdown_fini_1                 0x08000241   Thumb Code     0  libshutdown2.o(.ARM.Collect$$libshutdown$$00000002)
    __rt_lib_shutdown_stdio_2                0x08000241   Thumb Code     0  libshutdown2.o(.ARM.Collect$$libshutdown$$00000005)
    __rt_lib_shutdown_fp_trap_1              0x08000245   Thumb Code     0  libshutdown2.o(.ARM.Collect$$libshutdown$$00000009)
    __rt_lib_shutdown_heap_1                 0x08000245   Thumb Code     0  libshutdown2.o(.ARM.Collect$$libshutdown$$00000011)
    __rt_lib_shutdown_return                 0x08000245   Thumb Code     0  libshutdown2.o(.ARM.Collect$$libshutdown$$00000012)
    __rt_lib_shutdown_signal_1               0x08000245   Thumb Code     0  libshutdown2.o(.ARM.Collect$$libshutdown$$0000000C)
    __rt_lib_shutdown_stdio_1                0x08000245   Thumb Code     0  libshutdown2.o(.ARM.Collect$$libshutdown$$00000006)
    __rt_lib_shutdown_user_alloc_1           0x08000245   Thumb Code     0  libshutdown2.o(.ARM.Collect$$libshutdown$$0000000E)
    __rt_entry                               0x08000247   Thumb Code     0  __rtentry.o(.ARM.Collect$$rtentry$$00000000)
    __rt_entry_presh_1                       0x08000247   Thumb Code     0  __rtentry2.o(.ARM.Collect$$rtentry$$00000002)
    __rt_entry_sh                            0x08000247   Thumb Code     0  __rtentry4.o(.ARM.Collect$$rtentry$$00000004)
    __rt_entry_li                            0x0800024d   Thumb Code     0  __rtentry2.o(.ARM.Collect$$rtentry$$0000000A)
    __rt_entry_postsh_1                      0x0800024d   Thumb Code     0  __rtentry2.o(.ARM.Collect$$rtentry$$00000009)
    __rt_entry_main                          0x08000251   Thumb Code     0  __rtentry2.o(.ARM.Collect$$rtentry$$0000000D)
    __rt_entry_postli_1                      0x08000251   Thumb Code     0  __rtentry2.o(.ARM.Collect$$rtentry$$0000000C)
    __rt_exit                                0x08000259   Thumb Code     0  rtexit.o(.ARM.Collect$$rtexit$$00000000)
    __rt_exit_ls                             0x0800025b   Thumb Code     0  rtexit2.o(.ARM.Collect$$rtexit$$00000003)
    __rt_exit_prels_1                        0x0800025b   Thumb Code     0  rtexit2.o(.ARM.Collect$$rtexit$$00000002)
    __rt_exit_exit                           0x0800025f   Thumb Code     0  rtexit2.o(.ARM.Collect$$rtexit$$00000004)
    Reset_Handler                            0x08000265   Thumb Code     8  startup_stm32l432xx.o(.text)
    _maybe_terminate_alloc                   0x08000265   Thumb Code     0  maybetermalloc1.o(.emb_text)
    ADC1_IRQHandler                          0x0800027f   Thumb Code     0  startup_stm32l432xx.o(.text)
    CAN1_RX0_IRQHandler                      0x0800027f   Thumb Code     0  startup_stm32l432xx.o(.text)
    CAN1_RX1_IRQHandler                      0x0800027f   Thumb Code     0  startup_stm32l432xx.o(.text)
    CAN1_SCE_IRQHandler                      0x0800027f   Thumb Code     0  startup_stm32l432xx.o(.text)
    CAN1_TX_IRQHandler                       0x0800027f   Thumb Code     0  startup_stm32l432xx.o(.text)
    COMP_IRQHandler                          0x0800027f   Thumb Code     0  startup_stm32l432xx.o(.text)
    CRS_IRQHandler                           0x0800027f   Thumb Code     0  startup_stm32l432xx.o(.text)
    DMA1_Channel1_IRQHandler                 0x0800027f   Thumb Code     0  startup_stm32l432xx.o(.text)
    DMA1_Channel2_IRQHandler                 0x0800027f   Thumb Code     0  startup_stm32l432xx.o(.text)
    DMA1_Channel3_IRQHandler                 0x0800027f   Thumb Code     0  startup_stm32l432xx.o(.text)
    DMA1_Channel4_IRQHandler                 0x0800027f   Thumb Code     0  startup_stm32l432xx.o(.text)
    DMA1_Channel5_IRQHandler                 0x0800027f   Thumb Code     0  startup_stm32l432xx.o(.text)
    DMA1_Channel6_IRQHandler                 0x0800027f   Thumb Code     0  startup_stm32l432xx.o(.text)
    DMA1_Channel7_IRQHandler                 0x0800027f   Thumb Code     0  startup_stm32l432xx.o(.text)
    DMA2_Channel1_IRQHandler                 0x0800027f   Thumb Code     0  startup_stm32l432xx.o(.text)
    DMA2_Channel2_IRQHandler                 0x0800027f   Thumb Code     0  startup_stm32l432xx.o(.text)
    DMA2_Channel3_IRQHandler                 0x0800027f   Thumb Code     0  startup_stm32l432xx.o(.text)
    DMA2_Channel4_IRQHandler                 0x0800027f   Thumb Code     0  startup_stm32l432xx.o(.text)
    DMA2_Channel5_IRQHandler                 0x0800027f   Thumb Code     0  startup_stm32l432xx.o(.text)
    DMA2_Channel6_IRQHandler                 0x0800027f   Thumb Code     0  startup_stm32l432xx.o(.text)
    DMA2_Channel7_IRQHandler                 0x0800027f   Thumb Code     0  startup_stm32l432xx.o(.text)
    EXTI0_IRQHandler                         0x0800027f   Thumb Code     0  startup_stm32l432xx.o(.text)
    EXTI15_10_IRQHandler                     0x0800027f   Thumb Code     0  startup_stm32l432xx.o(.text)
    EXTI1_IRQHandler                         0x0800027f   Thumb Code     0  startup_stm32l432xx.o(.text)
    EXTI2_IRQHandler                         0x0800027f   Thumb Code     0  startup_stm32l432xx.o(.text)
    EXTI3_IRQHandler                         0x0800027f   Thumb Code     0  startup_stm32l432xx.o(.text)
    EXTI4_IRQHandler                         0x0800027f   Thumb Code     0  startup_stm32l432xx.o(.text)
    EXTI9_5_IRQHandler                       0x0800027f   Thumb Code     0  startup_stm32l432xx.o(.text)
    FLASH_IRQHandler                         0x0800027f   Thumb Code     0  startup_stm32l432xx.o(.text)
    FPU_IRQHandler                           0x0800027f   Thumb Code     0  startup_stm32l432xx.o(.text)
    I2C1_ER_IRQHandler                       0x0800027f   Thumb Code     0  startup_stm32l432xx.o(.text)
    I2C1_EV_IRQHandler                       0x0800027f   Thumb Code     0  startup_stm32l432xx.o(.text)
    I2C3_ER_IRQHandler                       0x0800027f   Thumb Code     0  startup_stm32l432xx.o(.text)
    I2C3_EV_IRQHandler                       0x0800027f   Thumb Code     0  startup_stm32l432xx.o(.text)
    LPTIM1_IRQHandler                        0x0800027f   Thumb Code     0  startup_stm32l432xx.o(.text)
    LPTIM2_IRQHandler                        0x0800027f   Thumb Code     0  startup_stm32l432xx.o(.text)
    LPUART1_IRQHandler                       0x0800027f   Thumb Code     0  startup_stm32l432xx.o(.text)
    PVD_PVM_IRQHandler                       0x0800027f   Thumb Code     0  startup_stm32l432xx.o(.text)
    QUADSPI_IRQHandler                       0x0800027f   Thumb Code     0  startup_stm32l432xx.o(.text)
    RCC_IRQHandler                           0x0800027f   Thumb Code     0  startup_stm32l432xx.o(.text)
    RNG_IRQHandler                           0x0800027f   Thumb Code     0  startup_stm32l432xx.o(.text)
    RTC_Alarm_IRQHandler                     0x0800027f   Thumb Code     0  startup_stm32l432xx.o(.text)
    RTC_WKUP_IRQHandler                      0x0800027f   Thumb Code     0  startup_stm32l432xx.o(.text)
    SAI1_IRQHandler                          0x0800027f   Thumb Code     0  startup_stm32l432xx.o(.text)
    SPI1_IRQHandler                          0x0800027f   Thumb Code     0  startup_stm32l432xx.o(.text)
    SPI3_IRQHandler                          0x0800027f   Thumb Code     0  startup_stm32l432xx.o(.text)
    SWPMI1_IRQHandler                        0x0800027f   Thumb Code     0  startup_stm32l432xx.o(.text)
    TAMP_STAMP_IRQHandler                    0x0800027f   Thumb Code     0  startup_stm32l432xx.o(.text)
    TIM1_BRK_TIM15_IRQHandler                0x0800027f   Thumb Code     0  startup_stm32l432xx.o(.text)
    TIM1_CC_IRQHandler                       0x0800027f   Thumb Code     0  startup_stm32l432xx.o(.text)
    TIM1_TRG_COM_IRQHandler                  0x0800027f   Thumb Code     0  startup_stm32l432xx.o(.text)
    TIM1_UP_TIM16_IRQHandler                 0x0800027f   Thumb Code     0  startup_stm32l432xx.o(.text)
    TIM2_IRQHandler                          0x0800027f   Thumb Code     0  startup_stm32l432xx.o(.text)
    TIM6_DAC_IRQHandler                      0x0800027f   Thumb Code     0  startup_stm32l432xx.o(.text)
    TIM7_IRQHandler                          0x0800027f   Thumb Code     0  startup_stm32l432xx.o(.text)
    TSC_IRQHandler                           0x0800027f   Thumb Code     0  startup_stm32l432xx.o(.text)
    USART1_IRQHandler                        0x0800027f   Thumb Code     0  startup_stm32l432xx.o(.text)
    USART2_IRQHandler                        0x0800027f   Thumb Code     0  startup_stm32l432xx.o(.text)
    USB_IRQHandler                           0x0800027f   Thumb Code     0  startup_stm32l432xx.o(.text)
    WWDG_IRQHandler                          0x0800027f   Thumb Code     0  startup_stm32l432xx.o(.text)
    __user_initial_stackheap                 0x08000281   Thumb Code     0  startup_stm32l432xx.o(.text)
    __aeabi_uldivmod                         0x080002a5   Thumb Code     0  lludivv7m.o(.text)
    _ll_udiv                                 0x080002a5   Thumb Code   238  lludivv7m.o(.text)
    __2printf                                0x08000395   Thumb Code    20  noretval__2printf.o(.text)
    _printf_int_dec                          0x080003ad   Thumb Code   104  _printf_dec.o(.text)
    __printf                                 0x08000425   Thumb Code   270  __printf_wp.o(.text)
    memcpy                                   0x08000533   Thumb Code     8  memcpy.o(.text)
    memset                                   0x0800053b   Thumb Code    22  memset.o(.text)
    __aeabi_memclr4                          0x08000551   Thumb Code     0  rt_memclr_w.o(.text)
    __aeabi_memclr8                          0x08000551   Thumb Code     0  rt_memclr_w.o(.text)
    __rt_memclr_w                            0x08000551   Thumb Code    78  rt_memclr_w.o(.text)
    _memset_w                                0x08000555   Thumb Code     0  rt_memclr_w.o(.text)
    __use_two_region_memory                  0x0800059f   Thumb Code     2  heapauxi.o(.text)
    __rt_heap_escrow                         0x080005a1   Thumb Code     2  heapauxi.o(.text)
    __rt_heap_expand                         0x080005a3   Thumb Code     2  heapauxi.o(.text)
    __read_errno                             0x080005a5   Thumb Code    10  _rserrno.o(.text)
    __set_errno                              0x080005af   Thumb Code    12  _rserrno.o(.text)
    _printf_int_common                       0x080005bb   Thumb Code   178  _printf_intcommon.o(.text)
    _printf_char_file                        0x0800066d   Thumb Code    32  _printf_char_file.o(.text)
    __aeabi_memcpy                           0x08000691   Thumb Code     0  rt_memcpy_v6.o(.text)
    __rt_memcpy                              0x08000691   Thumb Code   138  rt_memcpy_v6.o(.text)
    _memcpy_lastbytes                        0x080006f7   Thumb Code     0  rt_memcpy_v6.o(.text)
    __aeabi_memclr                           0x0800071b   Thumb Code     0  rt_memclr.o(.text)
    __rt_memclr                              0x0800071b   Thumb Code    68  rt_memclr.o(.text)
    _memset                                  0x0800071f   Thumb Code     0  rt_memclr.o(.text)
    __aeabi_errno_addr                       0x08000761   Thumb Code     8  rt_errno_addr_intlibspace.o(.text)
    __errno$intlibspace                      0x08000761   Thumb Code     0  rt_errno_addr_intlibspace.o(.text)
    __rt_errno_addr$intlibspace              0x08000761   Thumb Code     0  rt_errno_addr_intlibspace.o(.text)
    _fp_trap                                 0x08000769   Thumb Code    44  _fptrap.o(.text)
    _printf_char_common                      0x080007a3   Thumb Code    32  _printf_char_common.o(.text)
    ferror                                   0x080007c9   Thumb Code     8  ferror.o(.text)
    _initio                                  0x080007d1   Thumb Code   210  initio.o(.text)
    _terminateio                             0x080008a3   Thumb Code    56  initio.o(.text)
    __aeabi_memcpy4                          0x08000909   Thumb Code     0  rt_memcpy_w.o(.text)
    __aeabi_memcpy8                          0x08000909   Thumb Code     0  rt_memcpy_w.o(.text)
    __rt_memcpy_w                            0x08000909   Thumb Code   100  rt_memcpy_w.o(.text)
    _memcpy_lastbytes_aligned                0x08000951   Thumb Code     0  rt_memcpy_w.o(.text)
    _sys_open                                0x0800096d   Thumb Code    20  sys_io.o(.text)
    _sys_close                               0x08000981   Thumb Code    12  sys_io.o(.text)
    _sys_write                               0x0800098d   Thumb Code    16  sys_io.o(.text)
    _sys_read                                0x0800099d   Thumb Code    14  sys_io.o(.text)
    _sys_istty                               0x080009ab   Thumb Code    12  sys_io.o(.text)
    _sys_seek                                0x080009b7   Thumb Code    14  sys_io.o(.text)
    _sys_ensure                              0x080009c5   Thumb Code     2  sys_io.o(.text)
    _sys_flen                                0x080009c7   Thumb Code    12  sys_io.o(.text)
    __user_libspace                          0x080009d5   Thumb Code     8  libspace.o(.text)
    __user_perproc_libspace                  0x080009d5   Thumb Code     0  libspace.o(.text)
    __user_perthread_libspace                0x080009d5   Thumb Code     0  libspace.o(.text)
    __user_setup_stackheap                   0x080009dd   Thumb Code    74  sys_stackheap_outer.o(.text)
    free                                     0x08000a27   Thumb Code    78  h1_free.o(.text)
    __flsbuf                                 0x08000a75   Thumb Code   470  flsbuf.o(.text)
    __flsbuf_byte                            0x08000a75   Thumb Code     0  flsbuf.o(.text)
    __flsbuf_wide                            0x08000a75   Thumb Code     0  flsbuf.o(.text)
    setvbuf                                  0x08000c4b   Thumb Code    70  setvbuf.o(.text)
    freopen                                  0x08000c91   Thumb Code   158  fopen.o(.text)
    fopen                                    0x08000d2f   Thumb Code    74  fopen.o(.text)
    _fclose_internal                         0x08000d7d   Thumb Code    76  fclose.o(.text)
    fclose                                   0x08000d7d   Thumb Code     0  fclose.o(.text)
    exit                                     0x08000dc9   Thumb Code    18  exit.o(.text)
    __rt_SIGFPE                              0x08000ddb   Thumb Code    14  defsig_fpe_outer.o(.text)
    __rt_SIGRTRED                            0x08000de9   Thumb Code    14  defsig_rtred_outer.o(.text)
    __I$use$semihosting                      0x08000df7   Thumb Code     0  use_no_semi.o(.text)
    __use_no_semihosting_swi                 0x08000df7   Thumb Code     2  use_no_semi.o(.text)
    __rt_heap_descriptor                     0x08000df9   Thumb Code     8  rt_heap_descriptor_intlibspace.o(.text)
    __semihosting_library_function           0x08000df9   Thumb Code     0  indicate_semi.o(.text)
    __use_no_heap                            0x08000e01   Thumb Code     2  hguard.o(.text)
    __heap$guard                             0x08000e03   Thumb Code     2  hguard.o(.text)
    _terminate_user_alloc                    0x08000e05   Thumb Code     2  init_alloc.o(.text)
    _init_user_alloc                         0x08000e07   Thumb Code     2  init_alloc.o(.text)
    __Heap_Full                              0x08000e09   Thumb Code    34  init_alloc.o(.text)
    __Heap_Broken                            0x08000e2b   Thumb Code     6  init_alloc.o(.text)
    _init_alloc                              0x08000e31   Thumb Code    94  init_alloc.o(.text)
    malloc                                   0x08000e8f   Thumb Code    94  h1_alloc.o(.text)
    _fseek                                   0x08000eed   Thumb Code   242  fseek.o(.text)
    fseek                                    0x08000eed   Thumb Code     0  fseek.o(.text)
    _seterr                                  0x08000fe5   Thumb Code    20  stdio.o(.text)
    _writebuf                                0x08000ff9   Thumb Code    84  stdio.o(.text)
    _fflush                                  0x0800104d   Thumb Code    70  stdio.o(.text)
    _deferredlazyseek                        0x08001093   Thumb Code    60  stdio.o(.text)
    __sig_exit                               0x080010d5   Thumb Code    10  defsig_exit.o(.text)
    __rt_SIGFPE_inner                        0x080010e1   Thumb Code    62  defsig_fpe_inner.o(.text)
    __rt_SIGRTRED_inner                      0x0800118d   Thumb Code    14  defsig_rtred_inner.o(.text)
    strlen                                   0x080011c1   Thumb Code    62  strlen.o(.text)
    _sys_exit                                0x08001201   Thumb Code     8  sys_exit.o(.text)
    __Heap_Initialize                        0x0800120d   Thumb Code    10  h1_init.o(.text)
    __Heap_DescSize                          0x08001217   Thumb Code     4  h1_init.o(.text)
    __Heap_ProvideMemory                     0x0800121b   Thumb Code    52  h1_extend.o(.text)
    _ftell_internal                          0x0800124f   Thumb Code    66  ftell.o(.text)
    ftell                                    0x0800124f   Thumb Code     0  ftell.o(.text)
    __default_signal_display                 0x08001291   Thumb Code    50  defsig_general.o(.text)
    __rt_SIGRTMEM                            0x080012c3   Thumb Code    14  defsig_rtmem_outer.o(.text)
    _ttywrch                                 0x080012d1   Thumb Code    14  sys_wrch.o(.text)
    __rt_SIGRTMEM_inner                      0x080012e1   Thumb Code    22  defsig_rtmem_inner.o(.text)
    neai_anomalydetection_detect             0x08001801   Thumb Code   964  NanoEdgeAI.o(.text.neai_anomalydetection_detect)
    neai_anomalydetection_init               0x08001bcd   Thumb Code    72  NanoEdgeAI.o(.text.neai_anomalydetection_init)
    neai_anomalydetection_learn              0x08001c15   Thumb Code   972  NanoEdgeAI.o(.text.neai_anomalydetection_learn)
    BusFault_Handler                         0x08001fe7   Thumb Code     2  stm32l4xx_it.o(i.BusFault_Handler)
    DebugMon_Handler                         0x08001fe9   Thumb Code     2  stm32l4xx_it.o(i.DebugMon_Handler)
    Error_Handler                            0x08001feb   Thumb Code     4  main.o(i.Error_Handler)
    HAL_GPIO_Init                            0x08001ff1   Thumb Code   488  stm32l4xx_hal_gpio.o(i.HAL_GPIO_Init)
    HAL_GPIO_WritePin                        0x080021f3   Thumb Code    10  stm32l4xx_hal_gpio.o(i.HAL_GPIO_WritePin)
    HAL_GetTick                              0x080021fd   Thumb Code     6  stm32l4xx_hal.o(i.HAL_GetTick)
    HAL_IncTick                              0x08002209   Thumb Code    12  stm32l4xx_hal.o(i.HAL_IncTick)
    HAL_Init                                 0x08002219   Thumb Code    30  stm32l4xx_hal.o(i.HAL_Init)
    HAL_InitTick                             0x08002239   Thumb Code    58  stm32l4xx_hal.o(i.HAL_InitTick)
    HAL_MspInit                              0x0800227d   Thumb Code    38  stm32l4xx_hal_msp.o(i.HAL_MspInit)
    HAL_NVIC_SetPriority                     0x080022a9   Thumb Code    60  stm32l4xx_hal_cortex.o(i.HAL_NVIC_SetPriority)
    HAL_NVIC_SetPriorityGrouping             0x080022e9   Thumb Code    26  stm32l4xx_hal_cortex.o(i.HAL_NVIC_SetPriorityGrouping)
    HAL_PWREx_ControlVoltageScaling          0x0800230d   Thumb Code    90  stm32l4xx_hal_pwr_ex.o(i.HAL_PWREx_ControlVoltageScaling)
    HAL_PWREx_GetVoltageRange                0x08002375   Thumb Code    10  stm32l4xx_hal_pwr_ex.o(i.HAL_PWREx_GetVoltageRange)
    HAL_RCCEx_PeriphCLKConfig                0x08002385   Thumb Code   634  stm32l4xx_hal_rcc_ex.o(i.HAL_RCCEx_PeriphCLKConfig)
    HAL_RCC_ClockConfig                      0x08002611   Thumb Code   304  stm32l4xx_hal_rcc.o(i.HAL_RCC_ClockConfig)
    HAL_RCC_GetPCLK1Freq                     0x08002755   Thumb Code    24  stm32l4xx_hal_rcc.o(i.HAL_RCC_GetPCLK1Freq)
    HAL_RCC_GetPCLK2Freq                     0x08002779   Thumb Code    24  stm32l4xx_hal_rcc.o(i.HAL_RCC_GetPCLK2Freq)
    HAL_RCC_GetSysClockFreq                  0x0800279d   Thumb Code   150  stm32l4xx_hal_rcc.o(i.HAL_RCC_GetSysClockFreq)
    HAL_RCC_OscConfig                        0x08002841   Thumb Code  1366  stm32l4xx_hal_rcc.o(i.HAL_RCC_OscConfig)
    HAL_SPI_Init                             0x08002da1   Thumb Code   224  stm32l4xx_hal_spi.o(i.HAL_SPI_Init)
    HAL_SPI_MspInit                          0x08002e81   Thumb Code    90  stm32l4xx_hal_msp.o(i.HAL_SPI_MspInit)
    HAL_SPI_Receive                          0x08002ee5   Thumb Code   382  stm32l4xx_hal_spi.o(i.HAL_SPI_Receive)
    HAL_SPI_Transmit                         0x08003069   Thumb Code   402  stm32l4xx_hal_spi.o(i.HAL_SPI_Transmit)
    HAL_SPI_TransmitReceive                  0x08003201   Thumb Code   620  stm32l4xx_hal_spi.o(i.HAL_SPI_TransmitReceive)
    HAL_SYSTICK_Config                       0x08003473   Thumb Code    40  stm32l4xx_hal_cortex.o(i.HAL_SYSTICK_Config)
    HAL_UART_Init                            0x0800349b   Thumb Code   102  stm32l4xx_hal_uart.o(i.HAL_UART_Init)
    HAL_UART_MspInit                         0x08003501   Thumb Code   118  stm32l4xx_hal_msp.o(i.HAL_UART_MspInit)
    HardFault_Handler                        0x08003581   Thumb Code     2  stm32l4xx_it.o(i.HardFault_Handler)
    MemManage_Handler                        0x08003685   Thumb Code     2  stm32l4xx_it.o(i.MemManage_Handler)
    NMI_Handler                              0x08003687   Thumb Code     2  stm32l4xx_it.o(i.NMI_Handler)
    PendSV_Handler                           0x08003689   Thumb Code     2  stm32l4xx_it.o(i.PendSV_Handler)
    SVC_Handler                              0x08003a91   Thumb Code     2  stm32l4xx_it.o(i.SVC_Handler)
    SysTick_Handler                          0x08003a93   Thumb Code     4  stm32l4xx_it.o(i.SysTick_Handler)
    SystemClock_Config                       0x08003a97   Thumb Code   116  main.o(i.SystemClock_Config)
    SystemInit                               0x08003b0d   Thumb Code    12  system_stm32l4xx.o(i.SystemInit)
    UART_AdvFeatureConfig                    0x08003b1d   Thumb Code   200  stm32l4xx_hal_uart.o(i.UART_AdvFeatureConfig)
    UART_CheckIdleState                      0x08003be5   Thumb Code   168  stm32l4xx_hal_uart.o(i.UART_CheckIdleState)
    UART_SetConfig                           0x08003cd9   Thumb Code   448  stm32l4xx_hal_uart.o(i.UART_SetConfig)
    UART_WaitOnFlagUntilTimeout              0x08003eb5   Thumb Code   140  stm32l4xx_hal_uart.o(i.UART_WaitOnFlagUntilTimeout)
    UsageFault_Handler                       0x08003f41   Thumb Code     2  stm32l4xx_it.o(i.UsageFault_Handler)
    __ARM_fpclassifyf                        0x08003f43   Thumb Code    38  fpclassifyf.o(i.__ARM_fpclassifyf)
    __hardfp_expf                            0x08003f89   Thumb Code   426  expf.o(i.__hardfp_expf)
    __mathlib_expf                           0x08003f89   Thumb Code     0  expf.o(i.__hardfp_expf)
    __hardfp_log                             0x08004171   Thumb Code   872  log.o(i.__hardfp_log)
    __kernel_poly                            0x08004559   Thumb Code   248  poly.o(i.__kernel_poly)
    __mathlib_dbl_divzero                    0x08004651   Thumb Code    28  dunder.o(i.__mathlib_dbl_divzero)
    __mathlib_dbl_infnan                     0x08004681   Thumb Code    20  dunder.o(i.__mathlib_dbl_infnan)
    __mathlib_dbl_invalid                    0x08004699   Thumb Code    24  dunder.o(i.__mathlib_dbl_invalid)
    __mathlib_flt_infnan                     0x080046b9   Thumb Code     6  funder.o(i.__mathlib_flt_infnan)
    __mathlib_flt_overflow                   0x080046c1   Thumb Code    10  funder.o(i.__mathlib_flt_overflow)
    __mathlib_flt_underflow                  0x080046d1   Thumb Code    10  funder.o(i.__mathlib_flt_underflow)
    _is_digit                                0x080046e1   Thumb Code    14  __printf_wp.o(i._is_digit)
    expf                                     0x080046ef   Thumb Code    16  expf.o(i.expf)
    fill_accelerometer_buffer                0x08004701   Thumb Code   106  main.o(i.fill_accelerometer_buffer)
    fputc                                    0x08004779   Thumb Code    26  fputc.o(i.fputc)
    lis3dh_acceleration_raw_get              0x08004793   Thumb Code    64  lis3dh_reg.o(i.lis3dh_acceleration_raw_get)
    lis3dh_block_data_update_set             0x080047d3   Thumb Code    46  lis3dh_reg.o(i.lis3dh_block_data_update_set)
    lis3dh_data_rate_set                     0x08004801   Thumb Code    46  lis3dh_reg.o(i.lis3dh_data_rate_set)
    lis3dh_device_id_get                     0x0800482f   Thumb Code    14  lis3dh_reg.o(i.lis3dh_device_id_get)
    lis3dh_full_scale_set                    0x0800483d   Thumb Code    46  lis3dh_reg.o(i.lis3dh_full_scale_set)
    lis3dh_operating_mode_set                0x0800486b   Thumb Code   136  lis3dh_reg.o(i.lis3dh_operating_mode_set)
    lis3dh_read_reg                          0x080048f3   Thumb Code    14  lis3dh_reg.o(i.lis3dh_read_reg)
    lis3dh_write_reg                         0x08004901   Thumb Code    14  lis3dh_reg.o(i.lis3dh_write_reg)
    lis3dh_xl_data_ready_get                 0x0800490f   Thumb Code    26  lis3dh_reg.o(i.lis3dh_xl_data_ready_get)
    log                                      0x08004929   Thumb Code    16  log.o(i.log)
    main                                     0x08004939   Thumb Code   170  main.o(i.main)
    sqrtf                                    0x08004ad1   Thumb Code    62  sqrtf_full.o(i.sqrtf)
    __aeabi_dneg                             0x08004b0f   Thumb Code     0  basic.o(x$fpl$basic)
    _dneg                                    0x08004b0f   Thumb Code     6  basic.o(x$fpl$basic)
    __aeabi_fneg                             0x08004b15   Thumb Code     0  basic.o(x$fpl$basic)
    _fneg                                    0x08004b15   Thumb Code     6  basic.o(x$fpl$basic)
    _dabs                                    0x08004b1b   Thumb Code     6  basic.o(x$fpl$basic)
    _fabs                                    0x08004b21   Thumb Code     6  basic.o(x$fpl$basic)
    __aeabi_d2f                              0x08004b29   Thumb Code     0  d2f_clz.o(x$fpl$d2f)
    _d2f                                     0x08004b29   Thumb Code   700  d2f_clz.o(x$fpl$d2f)
    __aeabi_dadd                             0x08004ded   Thumb Code     0  daddsub_clz.o(x$fpl$dadd)
    _dadd                                    0x08004ded   Thumb Code   580  daddsub_clz.o(x$fpl$dadd)
    __fpl_dcmp_Inf                           0x08005039   Thumb Code    24  dcmpi.o(x$fpl$dcmpinf)
    __aeabi_ddiv                             0x08005051   Thumb Code     0  ddiv_clz.o(x$fpl$ddiv)
    _ddiv                                    0x08005051   Thumb Code   748  ddiv_clz.o(x$fpl$ddiv)
    __aeabi_cdcmpeq                          0x080053cd   Thumb Code     0  deqf.o(x$fpl$deqf)
    _dcmpeq                                  0x080053cd   Thumb Code   116  deqf.o(x$fpl$deqf)
    __aeabi_i2d                              0x08005441   Thumb Code     0  dflt_clz.o(x$fpl$dflt)
    _dflt                                    0x08005441   Thumb Code    46  dflt_clz.o(x$fpl$dflt)
    __dflt_normalise                         0x0800546f   Thumb Code    26  dflt_clz.o(x$fpl$dfltn)
    __aeabi_dmul                             0x08005489   Thumb Code     0  dmul_clz.o(x$fpl$dmul)
    _dmul                                    0x08005489   Thumb Code   440  dmul_clz.o(x$fpl$dmul)
    __fpl_dnaninf                            0x08005649   Thumb Code   258  dnaninf.o(x$fpl$dnaninf)
    __fpl_drenorm2                           0x0800574b   Thumb Code   106  drenorm_clz.o(x$fpl$drenorm)
    __fpl_drenorm1                           0x080057b5   Thumb Code     6  drenorm_clz.o(x$fpl$drenorm)
    __fpl_dretinf                            0x080057bb   Thumb Code    12  dretinf.o(x$fpl$dretinf)
    __aeabi_drsub                            0x080057c9   Thumb Code     0  daddsub_clz.o(x$fpl$drsb)
    _drsb                                    0x080057c9   Thumb Code    74  daddsub_clz.o(x$fpl$drsb)
    __aeabi_dsub                             0x08005819   Thumb Code     0  daddsub_clz.o(x$fpl$dsub)
    _dsub                                    0x08005819   Thumb Code   664  daddsub_clz.o(x$fpl$dsub)
    __dunder                                 0x08005ab5   Thumb Code   314  dunder_clz.o(x$fpl$dunder)
    __dunder_d                               0x08005bef   Thumb Code    64  dunder_clz.o(x$fpl$dunder)
    __fpl_exception                          0x08005c31   Thumb Code   454  except.o(x$fpl$exception)
    __aeabi_f2d                              0x08005e1d   Thumb Code     0  f2d.o(x$fpl$f2d)
    _f2d                                     0x08005e1d   Thumb Code   122  f2d.o(x$fpl$f2d)
    __aeabi_fadd                             0x08005e97   Thumb Code     0  faddsub_clz.o(x$fpl$fadd)
    _fadd                                    0x08005e97   Thumb Code    18  faddsub_clz.o(x$fpl$fadd)
    __aeabi_fcmpeq                           0x08005ea9   Thumb Code     0  fcmp.o(x$fpl$fcmp)
    _feq                                     0x08005ea9   Thumb Code    14  fcmp.o(x$fpl$fcmp)
    _fneq                                    0x08005eb7   Thumb Code    14  fcmp.o(x$fpl$fcmp)
    __aeabi_fcmpgt                           0x08005ec5   Thumb Code     0  fcmp.o(x$fpl$fcmp)
    _fgr                                     0x08005ec5   Thumb Code    14  fcmp.o(x$fpl$fcmp)
    __aeabi_fcmpge                           0x08005ed3   Thumb Code     0  fcmp.o(x$fpl$fcmp)
    _fgeq                                    0x08005ed3   Thumb Code    14  fcmp.o(x$fpl$fcmp)
    __aeabi_fcmple                           0x08005ee1   Thumb Code     0  fcmp.o(x$fpl$fcmp)
    _fleq                                    0x08005ee1   Thumb Code    14  fcmp.o(x$fpl$fcmp)
    __aeabi_fcmplt                           0x08005eef   Thumb Code     0  fcmp.o(x$fpl$fcmp)
    _fls                                     0x08005eef   Thumb Code    14  fcmp.o(x$fpl$fcmp)
    __fpl_fcmp_Inf                           0x08005efd   Thumb Code    24  fcmpi.o(x$fpl$fcmpinf)
    __aeabi_fdiv                             0x08005f15   Thumb Code     0  fdiv.o(x$fpl$fdiv)
    _fdiv                                    0x08005f15   Thumb Code    18  fdiv.o(x$fpl$fdiv)
    __aeabi_cfcmpeq                          0x08005f29   Thumb Code     0  feqf.o(x$fpl$feqf)
    _fcmpeq                                  0x08005f29   Thumb Code    52  feqf.o(x$fpl$feqf)
    __aeabi_f2uiz                            0x08005f5d   Thumb Code     0  ffixu.o(x$fpl$ffixu)
    _ffixu                                   0x08005f5d   Thumb Code    60  ffixu.o(x$fpl$ffixu)
    __aeabi_i2f                              0x08005fa1   Thumb Code     0  fflt_clz.o(x$fpl$fflt)
    _fflt                                    0x08005fa1   Thumb Code    14  fflt_clz.o(x$fpl$fflt)
    __aeabi_ui2f                             0x08005faf   Thumb Code     0  fflt_clz.o(x$fpl$ffltu)
    _ffltu                                   0x08005faf   Thumb Code    14  fflt_clz.o(x$fpl$ffltu)
    _fcmpge                                  0x08005fbd   Thumb Code    56  fgeqf.o(x$fpl$fgeqf)
    __aeabi_cfcmple                          0x08005ff5   Thumb Code     0  fleqf.o(x$fpl$fleqf)
    _fcmple                                  0x08005ff5   Thumb Code    56  fleqf.o(x$fpl$fleqf)
    __fpl_fcmple_InfNaN                      0x0800600d   Thumb Code     0  fleqf.o(x$fpl$fleqf)
    __aeabi_fmul                             0x0800602d   Thumb Code     0  fmul.o(x$fpl$fmul)
    _fmul                                    0x0800602d   Thumb Code    18  fmul.o(x$fpl$fmul)
    __fpl_fnaninf                            0x0800603f   Thumb Code   242  fnaninf.o(x$fpl$fnaninf)
    _fp_init                                 0x08006131   Thumb Code    10  fpinit.o(x$fpl$fpinit)
    __fplib_config_fpu_vfp                   0x08006139   Thumb Code     0  fpinit.o(x$fpl$fpinit)
    __fplib_config_pureend_doubles           0x08006139   Thumb Code     0  fpinit.o(x$fpl$fpinit)
    __fpl_fretinf                            0x0800613b   Thumb Code    10  fretinf.o(x$fpl$fretinf)
    __aeabi_fsub                             0x08006145   Thumb Code     0  faddsub_clz.o(x$fpl$fsub)
    _fsub                                    0x08006145   Thumb Code    18  faddsub_clz.o(x$fpl$fsub)
    __funder                                 0x08006157   Thumb Code   254  funder_clz.o(x$fpl$funder)
    __funder_d                               0x08006255   Thumb Code    62  funder_clz.o(x$fpl$funder)
    __fpl_return_NaN                         0x08006293   Thumb Code   178  retnan.o(x$fpl$retnan)
    _fp_trapveneer                           0x08006345   Thumb Code    36  trapv.o(x$fpl$trapveneer)
    __fpl_cmpreturn                          0x08006369   Thumb Code    90  trapv.o(x$fpl$trapveneer)
    __I$use$fp                               0x080063c2   Number         0  usenofp.o(x$fpl$usenofp)
    AHBPrescTable                            0x080063c4   Data          16  system_stm32l4xx.o(.constdata)
    MSIRangeTable                            0x080063d4   Data          48  system_stm32l4xx.o(.constdata)
    APBPrescTable                            0x08006404   Data           8  system_stm32l4xx.o(.constdata)
    __mathlib_zero                           0x08006478   Data           8  qnan.o(.constdata)
    __stdin_name                             0x08006480   Data           4  sys_io.o(.constdata)
    __stdout_name                            0x08006484   Data           4  sys_io.o(.constdata)
    __stderr_name                            0x08006488   Data           4  sys_io.o(.constdata)
    Region$$Table$$Base                      0x0800648c   Number         0  anon$$obj.o(Region$$Table)
    Region$$Table$$Limit                     0x080064ac   Number         0  anon$$obj.o(Region$$Table)
    uwTickFreq                               0x20000008   Data           1  stm32l4xx_hal.o(.data)
    uwTickPrio                               0x2000000c   Data           4  stm32l4xx_hal.o(.data)
    uwTick                                   0x20000010   Data           4  stm32l4xx_hal.o(.data)
    SystemCoreClock                          0x20000014   Data           4  system_stm32l4xx.o(.data)
    __aeabi_stdin                            0x20000018   Data           4  stdio_streams.o(.data)
    __aeabi_stdout                           0x2000001c   Data           4  stdio_streams.o(.data)
    __aeabi_stderr                           0x20000020   Data           4  stdio_streams.o(.data)
    acc_buffer                               0x20000210   Data        6144  main.o(.bss)
    hspi1                                    0x20001a10   Data         100  main.o(.bss)
    huart1                                   0x20001a74   Data         136  main.o(.bss)
    dev_ctx                                  0x20001afc   Data          16  main.o(.bss)
    __stdin                                  0x20001b0c   Data          84  stdio_streams.o(.bss)
    __stdout                                 0x20001b60   Data          84  stdio_streams.o(.bss)
    __stderr                                 0x20001bb4   Data          84  stdio_streams.o(.bss)
    __libspace_start                         0x20001c08   Data          96  libspace.o(.bss)
    __temporary_stack_top$libspace           0x20001c68   Data           0  libspace.o(.bss)



==============================================================================

Memory Map of the image

  Image Entry point : 0x0800018d

  Load Region LR_IROM1 (Base: 0x08000000, Size: 0x000066bc, Max: 0x00040000, ABSOLUTE, COMPRESSED[0x000064c0])

    Execution Region ER_IROM1 (Exec base: 0x08000000, Load base: 0x08000000, Size: 0x000064ac, Max: 0x00040000, ABSOLUTE)

    Exec Addr    Load Addr    Size         Type   Attr      Idx    E Section Name        Object

    0x08000000   0x08000000   0x0000018c   Data   RO            3    RESET               startup_stm32l432xx.o
    0x0800018c   0x0800018c   0x00000008   Code   RO         3393  * !!!main             c_w.l(__main.o)
    0x08000194   0x08000194   0x00000034   Code   RO         3961    !!!scatter          c_w.l(__scatter.o)
    0x080001c8   0x080001c8   0x0000003a   Code   RO         3959    !!dczerorl          c_w.l(__dczerorl.o)
    0x08000202   0x08000202   0x00000002   PAD
    0x08000204   0x08000204   0x0000001c   Code   RO         3963    !!handler_zi        c_w.l(__scatter_zi.o)
    0x08000220   0x08000220   0x00000000   Code   RO         3384    .ARM.Collect$$_printf_percent$$00000000  c_w.l(_printf_percent.o)
    0x08000220   0x08000220   0x00000006   Code   RO         3382    .ARM.Collect$$_printf_percent$$00000009  c_w.l(_printf_d.o)
    0x08000226   0x08000226   0x00000004   Code   RO         3484    .ARM.Collect$$_printf_percent$$00000017  c_w.l(_printf_percent_end.o)
    0x0800022a   0x0800022a   0x00000002   Code   RO         3756    .ARM.Collect$$libinit$$00000000  c_w.l(libinit.o)
    0x0800022c   0x0800022c   0x00000004   Code   RO         3757    .ARM.Collect$$libinit$$00000001  c_w.l(libinit2.o)
    0x08000230   0x08000230   0x00000000   Code   RO         3760    .ARM.Collect$$libinit$$00000004  c_w.l(libinit2.o)
    0x08000230   0x08000230   0x00000008   Code   RO         3761    .ARM.Collect$$libinit$$00000005  c_w.l(libinit2.o)
    0x08000238   0x08000238   0x00000000   Code   RO         3763    .ARM.Collect$$libinit$$0000000A  c_w.l(libinit2.o)
    0x08000238   0x08000238   0x00000000   Code   RO         3765    .ARM.Collect$$libinit$$0000000C  c_w.l(libinit2.o)
    0x08000238   0x08000238   0x00000000   Code   RO         3767    .ARM.Collect$$libinit$$0000000E  c_w.l(libinit2.o)
    0x08000238   0x08000238   0x00000000   Code   RO         3770    .ARM.Collect$$libinit$$00000011  c_w.l(libinit2.o)
    0x08000238   0x08000238   0x00000000   Code   RO         3772    .ARM.Collect$$libinit$$00000013  c_w.l(libinit2.o)
    0x08000238   0x08000238   0x00000000   Code   RO         3774    .ARM.Collect$$libinit$$00000015  c_w.l(libinit2.o)
    0x08000238   0x08000238   0x00000000   Code   RO         3776    .ARM.Collect$$libinit$$00000017  c_w.l(libinit2.o)
    0x08000238   0x08000238   0x00000000   Code   RO         3778    .ARM.Collect$$libinit$$00000019  c_w.l(libinit2.o)
    0x08000238   0x08000238   0x00000000   Code   RO         3780    .ARM.Collect$$libinit$$0000001B  c_w.l(libinit2.o)
    0x08000238   0x08000238   0x00000000   Code   RO         3782    .ARM.Collect$$libinit$$0000001D  c_w.l(libinit2.o)
    0x08000238   0x08000238   0x00000000   Code   RO         3784    .ARM.Collect$$libinit$$0000001F  c_w.l(libinit2.o)
    0x08000238   0x08000238   0x00000000   Code   RO         3786    .ARM.Collect$$libinit$$00000021  c_w.l(libinit2.o)
    0x08000238   0x08000238   0x00000000   Code   RO         3788    .ARM.Collect$$libinit$$00000023  c_w.l(libinit2.o)
    0x08000238   0x08000238   0x00000004   Code   RO         3789    .ARM.Collect$$libinit$$00000024  c_w.l(libinit2.o)
    0x0800023c   0x0800023c   0x00000000   Code   RO         3790    .ARM.Collect$$libinit$$00000025  c_w.l(libinit2.o)
    0x0800023c   0x0800023c   0x00000000   Code   RO         3794    .ARM.Collect$$libinit$$0000002C  c_w.l(libinit2.o)
    0x0800023c   0x0800023c   0x00000000   Code   RO         3796    .ARM.Collect$$libinit$$0000002E  c_w.l(libinit2.o)
    0x0800023c   0x0800023c   0x00000000   Code   RO         3798    .ARM.Collect$$libinit$$00000030  c_w.l(libinit2.o)
    0x0800023c   0x0800023c   0x00000000   Code   RO         3800    .ARM.Collect$$libinit$$00000032  c_w.l(libinit2.o)
    0x0800023c   0x0800023c   0x00000002   Code   RO         3801    .ARM.Collect$$libinit$$00000033  c_w.l(libinit2.o)
    0x0800023e   0x0800023e   0x00000002   Code   RO         3940    .ARM.Collect$$libshutdown$$00000000  c_w.l(libshutdown.o)
    0x08000240   0x08000240   0x00000000   Code   RO         3803    .ARM.Collect$$libshutdown$$00000002  c_w.l(libshutdown2.o)
    0x08000240   0x08000240   0x00000000   Code   RO         3805    .ARM.Collect$$libshutdown$$00000004  c_w.l(libshutdown2.o)
    0x08000240   0x08000240   0x00000004   Code   RO         3806    .ARM.Collect$$libshutdown$$00000005  c_w.l(libshutdown2.o)
    0x08000244   0x08000244   0x00000000   Code   RO         3807    .ARM.Collect$$libshutdown$$00000006  c_w.l(libshutdown2.o)
    0x08000244   0x08000244   0x00000000   Code   RO         3810    .ARM.Collect$$libshutdown$$00000009  c_w.l(libshutdown2.o)
    0x08000244   0x08000244   0x00000000   Code   RO         3813    .ARM.Collect$$libshutdown$$0000000C  c_w.l(libshutdown2.o)
    0x08000244   0x08000244   0x00000000   Code   RO         3815    .ARM.Collect$$libshutdown$$0000000E  c_w.l(libshutdown2.o)
    0x08000244   0x08000244   0x00000000   Code   RO         3818    .ARM.Collect$$libshutdown$$00000011  c_w.l(libshutdown2.o)
    0x08000244   0x08000244   0x00000002   Code   RO         3819    .ARM.Collect$$libshutdown$$00000012  c_w.l(libshutdown2.o)
    0x08000246   0x08000246   0x00000000   Code   RO         3471    .ARM.Collect$$rtentry$$00000000  c_w.l(__rtentry.o)
    0x08000246   0x08000246   0x00000000   Code   RO         3570    .ARM.Collect$$rtentry$$00000002  c_w.l(__rtentry2.o)
    0x08000246   0x08000246   0x00000006   Code   RO         3582    .ARM.Collect$$rtentry$$00000004  c_w.l(__rtentry4.o)
    0x0800024c   0x0800024c   0x00000000   Code   RO         3572    .ARM.Collect$$rtentry$$00000009  c_w.l(__rtentry2.o)
    0x0800024c   0x0800024c   0x00000004   Code   RO         3573    .ARM.Collect$$rtentry$$0000000A  c_w.l(__rtentry2.o)
    0x08000250   0x08000250   0x00000000   Code   RO         3575    .ARM.Collect$$rtentry$$0000000C  c_w.l(__rtentry2.o)
    0x08000250   0x08000250   0x00000008   Code   RO         3576    .ARM.Collect$$rtentry$$0000000D  c_w.l(__rtentry2.o)
    0x08000258   0x08000258   0x00000002   Code   RO         3825    .ARM.Collect$$rtexit$$00000000  c_w.l(rtexit.o)
    0x0800025a   0x0800025a   0x00000000   Code   RO         3883    .ARM.Collect$$rtexit$$00000002  c_w.l(rtexit2.o)
    0x0800025a   0x0800025a   0x00000004   Code   RO         3884    .ARM.Collect$$rtexit$$00000003  c_w.l(rtexit2.o)
    0x0800025e   0x0800025e   0x00000006   Code   RO         3885    .ARM.Collect$$rtexit$$00000004  c_w.l(rtexit2.o)
    0x08000264   0x08000264   0x00000000   Code   RO         3889    .emb_text           c_w.l(maybetermalloc1.o)
    0x08000264   0x08000264   0x00000040   Code   RO            4    .text               startup_stm32l432xx.o
    0x080002a4   0x080002a4   0x000000ee   Code   RO         3352    .text               c_w.l(lludivv7m.o)
    0x08000392   0x08000392   0x00000002   PAD
    0x08000394   0x08000394   0x00000018   Code   RO         3356    .text               c_w.l(noretval__2printf.o)
    0x080003ac   0x080003ac   0x00000078   Code   RO         3360    .text               c_w.l(_printf_dec.o)
    0x08000424   0x08000424   0x0000010e   Code   RO         3370    .text               c_w.l(__printf_wp.o)
    0x08000532   0x08000532   0x00000008   Code   RO         3385    .text               c_w.l(memcpy.o)
    0x0800053a   0x0800053a   0x00000016   Code   RO         3387    .text               c_w.l(memset.o)
    0x08000550   0x08000550   0x0000004e   Code   RO         3389    .text               c_w.l(rt_memclr_w.o)
    0x0800059e   0x0800059e   0x00000006   Code   RO         3391    .text               c_w.l(heapauxi.o)
    0x080005a4   0x080005a4   0x00000016   Code   RO         3476    .text               c_w.l(_rserrno.o)
    0x080005ba   0x080005ba   0x000000b2   Code   RO         3478    .text               c_w.l(_printf_intcommon.o)
    0x0800066c   0x0800066c   0x00000024   Code   RO         3482    .text               c_w.l(_printf_char_file.o)
    0x08000690   0x08000690   0x0000008a   Code   RO         3491    .text               c_w.l(rt_memcpy_v6.o)
    0x0800071a   0x0800071a   0x00000044   Code   RO         3493    .text               c_w.l(rt_memclr.o)
    0x0800075e   0x0800075e   0x00000002   PAD
    0x08000760   0x08000760   0x00000008   Code   RO         3594    .text               c_w.l(rt_errno_addr_intlibspace.o)
    0x08000768   0x08000768   0x00000030   Code   RO         3598    .text               c_w.l(_fptrap.o)
    0x08000798   0x08000798   0x00000030   Code   RO         3600    .text               c_w.l(_printf_char_common.o)
    0x080007c8   0x080007c8   0x00000008   Code   RO         3629    .text               c_w.l(ferror.o)
    0x080007d0   0x080007d0   0x00000138   Code   RO         3635    .text               c_w.l(initio.o)
    0x08000908   0x08000908   0x00000064   Code   RO         3646    .text               c_w.l(rt_memcpy_w.o)
    0x0800096c   0x0800096c   0x00000066   Code   RO         3656    .text               c_w.l(sys_io.o)
    0x080009d2   0x080009d2   0x00000002   PAD
    0x080009d4   0x080009d4   0x00000008   Code   RO         3661    .text               c_w.l(libspace.o)
    0x080009dc   0x080009dc   0x0000004a   Code   RO         3666    .text               c_w.l(sys_stackheap_outer.o)
    0x08000a26   0x08000a26   0x0000004e   Code   RO         3670    .text               c_w.l(h1_free.o)
    0x08000a74   0x08000a74   0x000001d6   Code   RO         3726    .text               c_w.l(flsbuf.o)
    0x08000c4a   0x08000c4a   0x00000046   Code   RO         3728    .text               c_w.l(setvbuf.o)
    0x08000c90   0x08000c90   0x000000ec   Code   RO         3731    .text               c_w.l(fopen.o)
    0x08000d7c   0x08000d7c   0x0000004c   Code   RO         3733    .text               c_w.l(fclose.o)
    0x08000dc8   0x08000dc8   0x00000012   Code   RO         3739    .text               c_w.l(exit.o)
    0x08000dda   0x08000dda   0x0000000e   Code   RO         3741    .text               c_w.l(defsig_fpe_outer.o)
    0x08000de8   0x08000de8   0x0000000e   Code   RO         3745    .text               c_w.l(defsig_rtred_outer.o)
    0x08000df6   0x08000df6   0x00000002   Code   RO         3822    .text               c_w.l(use_no_semi.o)
    0x08000df8   0x08000df8   0x00000000   Code   RO         3824    .text               c_w.l(indicate_semi.o)
    0x08000df8   0x08000df8   0x00000008   Code   RO         3832    .text               c_w.l(rt_heap_descriptor_intlibspace.o)
    0x08000e00   0x08000e00   0x00000004   Code   RO         3834    .text               c_w.l(hguard.o)
    0x08000e04   0x08000e04   0x0000008a   Code   RO         3836    .text               c_w.l(init_alloc.o)
    0x08000e8e   0x08000e8e   0x0000005e   Code   RO         3842    .text               c_w.l(h1_alloc.o)
    0x08000eec   0x08000eec   0x000000f8   Code   RO         3858    .text               c_w.l(fseek.o)
    0x08000fe4   0x08000fe4   0x000000f0   Code   RO         3860    .text               c_w.l(stdio.o)
    0x080010d4   0x080010d4   0x0000000a   Code   RO         3866    .text               c_w.l(defsig_exit.o)
    0x080010de   0x080010de   0x00000002   PAD
    0x080010e0   0x080010e0   0x000000ac   Code   RO         3868    .text               c_w.l(defsig_fpe_inner.o)
    0x0800118c   0x0800118c   0x00000034   Code   RO         3870    .text               c_w.l(defsig_rtred_inner.o)
    0x080011c0   0x080011c0   0x0000003e   Code   RO         3874    .text               c_w.l(strlen.o)
    0x080011fe   0x080011fe   0x00000002   PAD
    0x08001200   0x08001200   0x0000000c   Code   RO         3880    .text               c_w.l(sys_exit.o)
    0x0800120c   0x0800120c   0x0000000e   Code   RO         3891    .text               c_w.l(h1_init.o)
    0x0800121a   0x0800121a   0x00000034   Code   RO         3893    .text               c_w.l(h1_extend.o)
    0x0800124e   0x0800124e   0x00000042   Code   RO         3903    .text               c_w.l(ftell.o)
    0x08001290   0x08001290   0x00000032   Code   RO         3911    .text               c_w.l(defsig_general.o)
    0x080012c2   0x080012c2   0x0000000e   Code   RO         3913    .text               c_w.l(defsig_rtmem_outer.o)
    0x080012d0   0x080012d0   0x0000000e   Code   RO         3926    .text               c_w.l(sys_wrch.o)
    0x080012de   0x080012de   0x00000002   PAD
    0x080012e0   0x080012e0   0x00000050   Code   RO         3934    .text               c_w.l(defsig_rtmem_inner.o)
    0x08001330   0x08001330   0x000004ce   Code   RO         3338    .text.funchad25.constprop.0  libneai.a(NanoEdgeAI.o)
    0x080017fe   0x080017fe   0x00000002   PAD
    0x08001800   0x08001800   0x000003ca   Code   RO         3341    .text.neai_anomalydetection_detect  libneai.a(NanoEdgeAI.o)
    0x08001bca   0x08001bca   0x00000002   PAD
    0x08001bcc   0x08001bcc   0x00000048   Code   RO         3339    .text.neai_anomalydetection_init  libneai.a(NanoEdgeAI.o)
    0x08001c14   0x08001c14   0x000003d2   Code   RO         3340    .text.neai_anomalydetection_learn  libneai.a(NanoEdgeAI.o)
    0x08001fe6   0x08001fe6   0x00000002   Code   RO          205    i.BusFault_Handler  stm32l4xx_it.o
    0x08001fe8   0x08001fe8   0x00000002   Code   RO          206    i.DebugMon_Handler  stm32l4xx_it.o
    0x08001fea   0x08001fea   0x00000004   Code   RO           13    i.Error_Handler     main.o
    0x08001fee   0x08001fee   0x00000002   PAD
    0x08001ff0   0x08001ff0   0x00000202   Code   RO         1379    i.HAL_GPIO_Init     stm32l4xx_hal_gpio.o
    0x080021f2   0x080021f2   0x0000000a   Code   RO         1383    i.HAL_GPIO_WritePin  stm32l4xx_hal_gpio.o
    0x080021fc   0x080021fc   0x0000000c   Code   RO          690    i.HAL_GetTick       stm32l4xx_hal.o
    0x08002208   0x08002208   0x00000010   Code   RO          696    i.HAL_IncTick       stm32l4xx_hal.o
    0x08002218   0x08002218   0x0000001e   Code   RO          697    i.HAL_Init          stm32l4xx_hal.o
    0x08002236   0x08002236   0x00000002   PAD
    0x08002238   0x08002238   0x00000044   Code   RO          698    i.HAL_InitTick      stm32l4xx_hal.o
    0x0800227c   0x0800227c   0x0000002c   Code   RO          280    i.HAL_MspInit       stm32l4xx_hal_msp.o
    0x080022a8   0x080022a8   0x00000040   Code   RO         1902    i.HAL_NVIC_SetPriority  stm32l4xx_hal_cortex.o
    0x080022e8   0x080022e8   0x00000024   Code   RO         1903    i.HAL_NVIC_SetPriorityGrouping  stm32l4xx_hal_cortex.o
    0x0800230c   0x0800230c   0x00000068   Code   RO         1670    i.HAL_PWREx_ControlVoltageScaling  stm32l4xx_hal_pwr_ex.o
    0x08002374   0x08002374   0x00000010   Code   RO         1697    i.HAL_PWREx_GetVoltageRange  stm32l4xx_hal_pwr_ex.o
    0x08002384   0x08002384   0x0000028a   Code   RO         1012    i.HAL_RCCEx_PeriphCLKConfig  stm32l4xx_hal_rcc_ex.o
    0x0800260e   0x0800260e   0x00000002   PAD
    0x08002610   0x08002610   0x00000144   Code   RO          884    i.HAL_RCC_ClockConfig  stm32l4xx_hal_rcc.o
    0x08002754   0x08002754   0x00000024   Code   RO          890    i.HAL_RCC_GetPCLK1Freq  stm32l4xx_hal_rcc.o
    0x08002778   0x08002778   0x00000024   Code   RO          891    i.HAL_RCC_GetPCLK2Freq  stm32l4xx_hal_rcc.o
    0x0800279c   0x0800279c   0x000000a4   Code   RO          893    i.HAL_RCC_GetSysClockFreq  stm32l4xx_hal_rcc.o
    0x08002840   0x08002840   0x00000560   Code   RO          896    i.HAL_RCC_OscConfig  stm32l4xx_hal_rcc.o
    0x08002da0   0x08002da0   0x000000e0   Code   RO          339    i.HAL_SPI_Init      stm32l4xx_hal_spi.o
    0x08002e80   0x08002e80   0x00000064   Code   RO          282    i.HAL_SPI_MspInit   stm32l4xx_hal_msp.o
    0x08002ee4   0x08002ee4   0x00000184   Code   RO          342    i.HAL_SPI_Receive   stm32l4xx_hal_spi.o
    0x08003068   0x08003068   0x00000198   Code   RO          347    i.HAL_SPI_Transmit  stm32l4xx_hal_spi.o
    0x08003200   0x08003200   0x00000272   Code   RO          348    i.HAL_SPI_TransmitReceive  stm32l4xx_hal_spi.o
    0x08003472   0x08003472   0x00000028   Code   RO         1907    i.HAL_SYSTICK_Config  stm32l4xx_hal_cortex.o
    0x0800349a   0x0800349a   0x00000066   Code   RO         2163    i.HAL_UART_Init     stm32l4xx_hal_uart.o
    0x08003500   0x08003500   0x00000080   Code   RO          284    i.HAL_UART_MspInit  stm32l4xx_hal_msp.o
    0x08003580   0x08003580   0x00000002   Code   RO          207    i.HardFault_Handler  stm32l4xx_it.o
    0x08003582   0x08003582   0x00000002   PAD
    0x08003584   0x08003584   0x0000007c   Code   RO           14    i.MX_GPIO_Init      main.o
    0x08003600   0x08003600   0x0000004c   Code   RO           15    i.MX_SPI1_Init      main.o
    0x0800364c   0x0800364c   0x00000038   Code   RO           16    i.MX_USART1_UART_Init  main.o
    0x08003684   0x08003684   0x00000002   Code   RO          208    i.MemManage_Handler  stm32l4xx_it.o
    0x08003686   0x08003686   0x00000002   Code   RO          209    i.NMI_Handler       stm32l4xx_it.o
    0x08003688   0x08003688   0x00000002   Code   RO          210    i.PendSV_Handler    stm32l4xx_it.o
    0x0800368a   0x0800368a   0x00000002   PAD
    0x0800368c   0x0800368c   0x0000012c   Code   RO         1016    i.RCCEx_PLLSAI1_Config  stm32l4xx_hal_rcc_ex.o
    0x080037b8   0x080037b8   0x0000007c   Code   RO          897    i.RCC_SetFlashLatencyFromMSIRange  stm32l4xx_hal_rcc.o
    0x08003834   0x08003834   0x00000074   Code   RO          376    i.SPI_EndRxTransaction  stm32l4xx_hal_spi.o
    0x080038a8   0x080038a8   0x00000048   Code   RO          377    i.SPI_EndRxTxTransaction  stm32l4xx_hal_spi.o
    0x080038f0   0x080038f0   0x000000e6   Code   RO          382    i.SPI_WaitFifoStateUntilTimeout  stm32l4xx_hal_spi.o
    0x080039d6   0x080039d6   0x00000002   PAD
    0x080039d8   0x080039d8   0x000000b8   Code   RO          383    i.SPI_WaitFlagStateUntilTimeout  stm32l4xx_hal_spi.o
    0x08003a90   0x08003a90   0x00000002   Code   RO          211    i.SVC_Handler       stm32l4xx_it.o
    0x08003a92   0x08003a92   0x00000004   Code   RO          212    i.SysTick_Handler   stm32l4xx_it.o
    0x08003a96   0x08003a96   0x00000074   Code   RO           17    i.SystemClock_Config  main.o
    0x08003b0a   0x08003b0a   0x00000002   PAD
    0x08003b0c   0x08003b0c   0x00000010   Code   RO         2617    i.SystemInit        system_stm32l4xx.o
    0x08003b1c   0x08003b1c   0x000000c8   Code   RO         2177    i.UART_AdvFeatureConfig  stm32l4xx_hal_uart.o
    0x08003be4   0x08003be4   0x000000a8   Code   RO         2178    i.UART_CheckIdleState  stm32l4xx_hal_uart.o
    0x08003c8c   0x08003c8c   0x0000004c   Code   RO         2189    i.UART_EndRxTransfer  stm32l4xx_hal_uart.o
    0x08003cd8   0x08003cd8   0x000001dc   Code   RO         2193    i.UART_SetConfig    stm32l4xx_hal_uart.o
    0x08003eb4   0x08003eb4   0x0000008c   Code   RO         2198    i.UART_WaitOnFlagUntilTimeout  stm32l4xx_hal_uart.o
    0x08003f40   0x08003f40   0x00000002   Code   RO          213    i.UsageFault_Handler  stm32l4xx_it.o
    0x08003f42   0x08003f42   0x00000026   Code   RO         3550    i.__ARM_fpclassifyf  m_wm.l(fpclassifyf.o)
    0x08003f68   0x08003f68   0x00000020   Code   RO         1909    i.__NVIC_SetPriority  stm32l4xx_hal_cortex.o
    0x08003f88   0x08003f88   0x000001e8   Code   RO         3431    i.__hardfp_expf     m_wm.l(expf.o)
    0x08004170   0x08004170   0x000003e8   Code   RO         3445    i.__hardfp_log      m_wm.l(log.o)
    0x08004558   0x08004558   0x000000f8   Code   RO         3566    i.__kernel_poly     m_wm.l(poly.o)
    0x08004650   0x08004650   0x00000030   Code   RO         3536    i.__mathlib_dbl_divzero  m_wm.l(dunder.o)
    0x08004680   0x08004680   0x00000014   Code   RO         3537    i.__mathlib_dbl_infnan  m_wm.l(dunder.o)
    0x08004694   0x08004694   0x00000004   PAD
    0x08004698   0x08004698   0x00000020   Code   RO         3539    i.__mathlib_dbl_invalid  m_wm.l(dunder.o)
    0x080046b8   0x080046b8   0x00000006   Code   RO         3553    i.__mathlib_flt_infnan  m_wm.l(funder.o)
    0x080046be   0x080046be   0x00000002   PAD
    0x080046c0   0x080046c0   0x00000010   Code   RO         3556    i.__mathlib_flt_overflow  m_wm.l(funder.o)
    0x080046d0   0x080046d0   0x00000010   Code   RO         3558    i.__mathlib_flt_underflow  m_wm.l(funder.o)
    0x080046e0   0x080046e0   0x0000000e   Code   RO         3372    i._is_digit         c_w.l(__printf_wp.o)
    0x080046ee   0x080046ee   0x00000010   Code   RO         3433    i.expf              m_wm.l(expf.o)
    0x080046fe   0x080046fe   0x00000002   PAD
    0x08004700   0x08004700   0x00000078   Code   RO           18    i.fill_accelerometer_buffer  main.o
    0x08004778   0x08004778   0x0000001a   Code   RO         3632    i.fputc             c_w.l(fputc.o)
    0x08004792   0x08004792   0x00000040   Code   RO         2651    i.lis3dh_acceleration_raw_get  lis3dh_reg.o
    0x080047d2   0x080047d2   0x0000002e   Code   RO         2660    i.lis3dh_block_data_update_set  lis3dh_reg.o
    0x08004800   0x08004800   0x0000002e   Code   RO         2666    i.lis3dh_data_rate_set  lis3dh_reg.o
    0x0800482e   0x0800482e   0x0000000e   Code   RO         2667    i.lis3dh_device_id_get  lis3dh_reg.o
    0x0800483c   0x0800483c   0x0000002e   Code   RO         2701    i.lis3dh_full_scale_set  lis3dh_reg.o
    0x0800486a   0x0800486a   0x00000088   Code   RO         2733    i.lis3dh_operating_mode_set  lis3dh_reg.o
    0x080048f2   0x080048f2   0x0000000e   Code   RO         2742    i.lis3dh_read_reg   lis3dh_reg.o
    0x08004900   0x08004900   0x0000000e   Code   RO         2761    i.lis3dh_write_reg  lis3dh_reg.o
    0x0800490e   0x0800490e   0x0000001a   Code   RO         2763    i.lis3dh_xl_data_ready_get  lis3dh_reg.o
    0x08004928   0x08004928   0x00000010   Code   RO         3447    i.log               m_wm.l(log.o)
    0x08004938   0x08004938   0x000000f4   Code   RO           19    i.main              main.o
    0x08004a2c   0x08004a2c   0x00000052   Code   RO           21    i.platform_read     main.o
    0x08004a7e   0x08004a7e   0x00000052   Code   RO           22    i.platform_write    main.o
    0x08004ad0   0x08004ad0   0x0000003e   Code   RO         3461    i.sqrtf             m_wm.l(sqrtf_full.o)
    0x08004b0e   0x08004b0e   0x00000018   Code   RO         3495    x$fpl$basic         g_wm.l(basic.o)
    0x08004b26   0x08004b26   0x00000002   PAD
    0x08004b28   0x08004b28   0x000002c4   Code   RO         3395    x$fpl$d2f           g_wm.l(d2f_clz.o)
    0x08004dec   0x08004dec   0x0000024c   Code   RO         3397    x$fpl$dadd          g_wm.l(daddsub_clz.o)
    0x08005038   0x08005038   0x00000018   Code   RO         3648    x$fpl$dcmpinf       g_wm.l(dcmpi.o)
    0x08005050   0x08005050   0x0000037c   Code   RO         3498    x$fpl$ddiv          g_wm.l(ddiv_clz.o)
    0x080053cc   0x080053cc   0x00000074   Code   RO         3501    x$fpl$deqf          g_wm.l(deqf.o)
    0x08005440   0x08005440   0x0000002e   Code   RO         3504    x$fpl$dflt          g_wm.l(dflt_clz.o)
    0x0800546e   0x0800546e   0x0000001a   Code   RO         3505    x$fpl$dfltn         g_wm.l(dflt_clz.o)
    0x08005488   0x08005488   0x000001c0   Code   RO         3403    x$fpl$dmul          g_wm.l(dmul_clz.o)
    0x08005648   0x08005648   0x00000102   Code   RO         3509    x$fpl$dnaninf       g_wm.l(dnaninf.o)
    0x0800574a   0x0800574a   0x00000070   Code   RO         3511    x$fpl$drenorm       g_wm.l(drenorm_clz.o)
    0x080057ba   0x080057ba   0x0000000c   Code   RO         3513    x$fpl$dretinf       g_wm.l(dretinf.o)
    0x080057c6   0x080057c6   0x00000002   PAD
    0x080057c8   0x080057c8   0x00000050   Code   RO         3398    x$fpl$drsb          g_wm.l(daddsub_clz.o)
    0x08005818   0x08005818   0x0000029c   Code   RO         3399    x$fpl$dsub          g_wm.l(daddsub_clz.o)
    0x08005ab4   0x08005ab4   0x0000017a   Code   RO         3515    x$fpl$dunder        g_wm.l(dunder_clz.o)
    0x08005c2e   0x08005c2e   0x00000002   PAD
    0x08005c30   0x08005c30   0x000001ec   Code   RO         3517    x$fpl$exception     g_wm.l(except.o)
    0x08005e1c   0x08005e1c   0x0000007a   Code   RO         3405    x$fpl$f2d           g_wm.l(f2d.o)
    0x08005e96   0x08005e96   0x00000012   Code   RO         3407    x$fpl$fadd          g_wm.l(faddsub_clz.o)
    0x08005ea8   0x08005ea8   0x00000054   Code   RO         3413    x$fpl$fcmp          g_wm.l(fcmp.o)
    0x08005efc   0x08005efc   0x00000018   Code   RO         3650    x$fpl$fcmpinf       g_wm.l(fcmpi.o)
    0x08005f14   0x08005f14   0x00000012   Code   RO         3415    x$fpl$fdiv          g_wm.l(fdiv.o)
    0x08005f26   0x08005f26   0x00000002   PAD
    0x08005f28   0x08005f28   0x00000034   Code   RO         3519    x$fpl$feqf          g_wm.l(feqf.o)
    0x08005f5c   0x08005f5c   0x00000044   Code   RO         3419    x$fpl$ffixu         g_wm.l(ffixu.o)
    0x08005fa0   0x08005fa0   0x0000000e   Code   RO         3424    x$fpl$fflt          g_wm.l(fflt_clz.o)
    0x08005fae   0x08005fae   0x0000000e   Code   RO         3423    x$fpl$ffltu         g_wm.l(fflt_clz.o)
    0x08005fbc   0x08005fbc   0x00000038   Code   RO         3521    x$fpl$fgeqf         g_wm.l(fgeqf.o)
    0x08005ff4   0x08005ff4   0x00000038   Code   RO         3523    x$fpl$fleqf         g_wm.l(fleqf.o)
    0x0800602c   0x0800602c   0x00000012   Code   RO         3427    x$fpl$fmul          g_wm.l(fmul.o)
    0x0800603e   0x0800603e   0x000000f2   Code   RO         3525    x$fpl$fnaninf       g_wm.l(fnaninf.o)
    0x08006130   0x08006130   0x0000000a   Code   RO         3878    x$fpl$fpinit        g_wm.l(fpinit.o)
    0x0800613a   0x0800613a   0x0000000a   Code   RO         3527    x$fpl$fretinf       g_wm.l(fretinf.o)
    0x08006144   0x08006144   0x00000012   Code   RO         3408    x$fpl$fsub          g_wm.l(faddsub_clz.o)
    0x08006156   0x08006156   0x0000013c   Code   RO         3529    x$fpl$funder        g_wm.l(funder_clz.o)
    0x08006292   0x08006292   0x000000b2   Code   RO         3652    x$fpl$retnan        g_wm.l(retnan.o)
    0x08006344   0x08006344   0x0000007e   Code   RO         3533    x$fpl$trapveneer    g_wm.l(trapv.o)
    0x080063c2   0x080063c2   0x00000000   Code   RO         3535    x$fpl$usenofp       g_wm.l(usenofp.o)
    0x080063c2   0x080063c2   0x00000002   PAD
    0x080063c4   0x080063c4   0x00000040   Data   RO         2618    .constdata          system_stm32l4xx.o
    0x08006404   0x08006404   0x00000008   Data   RO         2619    .constdata          system_stm32l4xx.o
    0x0800640c   0x0800640c   0x00000030   Data   RO         3434    .constdata          m_wm.l(expf.o)
    0x0800643c   0x0800643c   0x00000004   PAD
    0x08006440   0x08006440   0x00000038   Data   RO         3448    .constdata          m_wm.l(log.o)
    0x08006478   0x08006478   0x00000008   Data   RO         3568    .constdata          m_wm.l(qnan.o)
    0x08006480   0x08006480   0x00000004   Data   RO         3657    .constdata          c_w.l(sys_io.o)
    0x08006484   0x08006484   0x00000004   Data   RO         3658    .constdata          c_w.l(sys_io.o)
    0x08006488   0x08006488   0x00000004   Data   RO         3659    .constdata          c_w.l(sys_io.o)
    0x0800648c   0x0800648c   0x00000020   Data   RO         3957    Region$$Table       anon$$obj.o


    Execution Region RW_IRAM2 (Exec base: 0x10000000, Load base: 0x080064c0, Size: 0x00000000, Max: 0x00004000, ABSOLUTE)

    **** No section assigned to this execution region ****


    Execution Region RW_IRAM1 (Exec base: 0x20000000, Load base: 0x080064ac, Size: 0x00002ae0, Max: 0x0000c000, ABSOLUTE, COMPRESSED[0x00000014])

    Exec Addr    Load Addr    Size         Type   Attr      Idx    E Section Name        Object

    0x20000000   COMPRESSED   0x00000008   Data   RW           24    .data               main.o
    0x20000008   COMPRESSED   0x0000000c   Data   RW          709    .data               stm32l4xx_hal.o
    0x20000014   COMPRESSED   0x00000004   Data   RW         2620    .data               system_stm32l4xx.o
    0x20000018   COMPRESSED   0x00000004   Data   RW         3488    .data               c_w.l(stdio_streams.o)
    0x2000001c   COMPRESSED   0x00000004   Data   RW         3489    .data               c_w.l(stdio_streams.o)
    0x20000020   COMPRESSED   0x00000004   Data   RW         3490    .data               c_w.l(stdio_streams.o)
    0x20000024   COMPRESSED   0x00000004   Data   RW         3347    .data.funccad23     libneai.a(NanoEdgeAI.o)
    0x20000028   COMPRESSED   0x000001e8   Data   RW         3348    .neai               libneai.a(NanoEdgeAI.o)
    0x20000210        -       0x000018fc   Zero   RW           23    .bss                main.o
    0x20001b0c        -       0x00000054   Zero   RW         3485    .bss                c_w.l(stdio_streams.o)
    0x20001b60        -       0x00000054   Zero   RW         3486    .bss                c_w.l(stdio_streams.o)
    0x20001bb4        -       0x00000054   Zero   RW         3487    .bss                c_w.l(stdio_streams.o)
    0x20001c08        -       0x00000060   Zero   RW         3662    .bss                c_w.l(libspace.o)
    0x20001c68        -       0x00000078   Zero   RW         3345    .bss.funccad18      libneai.a(NanoEdgeAI.o)
    0x20001ce0        -       0x00000800   Zero   RW         3346    .bss.funccad59      libneai.a(NanoEdgeAI.o)
    0x200024e0        -       0x00000200   Zero   RW            2    HEAP                startup_stm32l432xx.o
    0x200026e0        -       0x00000400   Zero   RW            1    STACK               startup_stm32l432xx.o


==============================================================================

Image component sizes


      Code (inc. data)   RO Data    RW Data    ZI Data      Debug   Object Name

       406          0          0          0          0       6839   lis3dh_reg.o
       904        112          0          8       6396     641054   main.o
        64         26        396          0       1536        840   startup_stm32l432xx.o
       126         20          0         12          0      10913   stm32l4xx_hal.o
       172         14          0          0          0      33130   stm32l4xx_hal_cortex.o
       524         20          0          0          0       2256   stm32l4xx_hal_gpio.o
       272         26          0          0          0       2331   stm32l4xx_hal_msp.o
       120         20          0          0          0       1358   stm32l4xx_hal_pwr_ex.o
      2060         98          0          0          0       6960   stm32l4xx_hal_rcc.o
       950         32          0          0          0       2884   stm32l4xx_hal_rcc_ex.o
      2248         10          0          0          0       9990   stm32l4xx_hal_spi.o
      1162         48          0          0          0       5945   stm32l4xx_hal_uart.o
        20          0          0          0          0       4130   stm32l4xx_it.o
        16          4         72          4          0       1173   system_stm32l4xx.o

    ----------------------------------------------------------------------
      9058        430        500         24       7932     729803   Object Totals
         0          0         32          0          0          0   (incl. Generated)
        14          0          0          0          0          0   (incl. Padding)

    ----------------------------------------------------------------------

      Code (inc. data)   RO Data    RW Data    ZI Data      Debug   Library Member Name

        58          0          0          0          0          0   __dczerorl.o
         8          0          0          0          0         68   __main.o
       284          0          0          0          0        156   __printf_wp.o
         0          0          0          0          0          0   __rtentry.o
        12          0          0          0          0          0   __rtentry2.o
         6          0          0          0          0          0   __rtentry4.o
        52          8          0          0          0          0   __scatter.o
        28          0          0          0          0          0   __scatter_zi.o
        48          4          0          0          0         84   _fptrap.o
        48          6          0          0          0         96   _printf_char_common.o
        36          4          0          0          0         80   _printf_char_file.o
         6          0          0          0          0          0   _printf_d.o
       120         16          0          0          0         92   _printf_dec.o
       178          0          0          0          0         88   _printf_intcommon.o
         0          0          0          0          0          0   _printf_percent.o
         4          0          0          0          0          0   _printf_percent_end.o
        22          0          0          0          0        100   _rserrno.o
        10          0          0          0          0         68   defsig_exit.o
       172        110          0          0          0         76   defsig_fpe_inner.o
        14          0          0          0          0         80   defsig_fpe_outer.o
        50          0          0          0          0         88   defsig_general.o
        80         58          0          0          0         76   defsig_rtmem_inner.o
        14          0          0          0          0         80   defsig_rtmem_outer.o
        52         38          0          0          0         76   defsig_rtred_inner.o
        14          0          0          0          0         80   defsig_rtred_outer.o
        18          0          0          0          0         80   exit.o
        76          0          0          0          0         88   fclose.o
         8          0          0          0          0         68   ferror.o
       470          0          0          0          0         88   flsbuf.o
       236          4          0          0          0        128   fopen.o
        26          0          0          0          0         68   fputc.o
       248          6          0          0          0         84   fseek.o
        66          0          0          0          0         76   ftell.o
        94          0          0          0          0         80   h1_alloc.o
        52          0          0          0          0         68   h1_extend.o
        78          0          0          0          0         80   h1_free.o
        14          0          0          0          0         84   h1_init.o
         6          0          0          0          0        152   heapauxi.o
         4          0          0          0          0        136   hguard.o
         0          0          0          0          0          0   indicate_semi.o
       138          0          0          0          0        168   init_alloc.o
       312         46          0          0          0        112   initio.o
         2          0          0          0          0          0   libinit.o
        18          0          0          0          0          0   libinit2.o
         2          0          0          0          0          0   libshutdown.o
         6          0          0          0          0          0   libshutdown2.o
         8          4          0          0         96         68   libspace.o
       238          0          0          0          0        100   lludivv7m.o
         0          0          0          0          0          0   maybetermalloc1.o
         8          0          0          0          0         76   memcpy.o
        22          0          0          0          0         76   memset.o
        24          4          0          0          0         84   noretval__2printf.o
         8          4          0          0          0         68   rt_errno_addr_intlibspace.o
         8          4          0          0          0         68   rt_heap_descriptor_intlibspace.o
        68          0          0          0          0         68   rt_memclr.o
        78          0          0          0          0         80   rt_memclr_w.o
       138          0          0          0          0         68   rt_memcpy_v6.o
       100          0          0          0          0         80   rt_memcpy_w.o
         2          0          0          0          0          0   rtexit.o
        10          0          0          0          0          0   rtexit2.o
        70          0          0          0          0         80   setvbuf.o
       240          6          0          0          0        156   stdio.o
         0          0          0         12        252          0   stdio_streams.o
        62          0          0          0          0         76   strlen.o
        12          4          0          0          0         68   sys_exit.o
       102          0         12          0          0        240   sys_io.o
        74          0          0          0          0         80   sys_stackheap_outer.o
        14          0          0          0          0         76   sys_wrch.o
         2          0          0          0          0         68   use_no_semi.o
        24          0          0          0          0        164   basic.o
       708         16          0          0          0        140   d2f_clz.o
      1336         32          0          0          0        532   daddsub_clz.o
        24          0          0          0          0        116   dcmpi.o
       892        152          0          0          0        292   ddiv_clz.o
       116          8          0          0          0        140   deqf.o
        72          0          0          0          0        232   dflt_clz.o
       448         16          0          0          0        164   dmul_clz.o
       258          4          0          0          0        156   dnaninf.o
       112          0          0          0          0        160   drenorm_clz.o
        12          0          0          0          0        116   dretinf.o
       378          0          0          0          0        168   dunder_clz.o
       492         36          0          0          0        148   except.o
       122          8          0          0          0        132   f2d.o
        36          0          0          0          0        232   faddsub_clz.o
        84          0          0          0          0        244   fcmp.o
        24          0          0          0          0        116   fcmpi.o
        18          0          0          0          0        116   fdiv.o
        52          8          0          0          0        132   feqf.o
        68          8          0          0          0        116   ffixu.o
        28          0          0          0          0        232   fflt_clz.o
        56          8          0          0          0        132   fgeqf.o
        56          8          0          0          0        132   fleqf.o
        18          0          0          0          0        116   fmul.o
       242          4          0          0          0        144   fnaninf.o
        10          0          0          0          0        116   fpinit.o
        10          0          0          0          0        116   fretinf.o
       316          0          0          0          0        132   funder_clz.o
       178          0          0          0          0        116   retnan.o
       126          0          0          0          0        148   trapv.o
         0          0          0          0          0          0   usenofp.o
      3250        144          0        492       2168          0   NanoEdgeAI.o
       100         28          0          0          0        372   dunder.o
       504         62         48          0          0        360   expf.o
        38          0          0          0          0        116   fpclassifyf.o
        38         12          0          0          0        348   funder.o
      1016         92         56          0          0        440   log.o
       248          0          0          0          0        152   poly.o
         0          0          8          0          0          0   qnan.o
        62          0          0          0          0        136   sqrtf_full.o

    ----------------------------------------------------------------------
     16086        972        128        504       2516      11552   Library Totals
        36          0          4          0          0          0   (incl. Padding)

    ----------------------------------------------------------------------

      Code (inc. data)   RO Data    RW Data    ZI Data      Debug   Library Name

      4478        326         12         12        348       4628   c_w.l
      6316        308          0          0          0       5000   g_wm.l
      3250        144          0        492       2168          0   libneai.a
      2006        194        112          0          0       1924   m_wm.l

    ----------------------------------------------------------------------
     16086        972        128        504       2516      11552   Library Totals

    ----------------------------------------------------------------------

==============================================================================


      Code (inc. data)   RO Data    RW Data    ZI Data      Debug   

     25144       1402        628        528      10448     728407   Grand Totals
     25144       1402        628         20      10448     728407   ELF Image Totals (compressed)
     25144       1402        628         20          0          0   ROM Totals

==============================================================================

    Total RO  Size (Code + RO Data)                25772 (  25.17kB)
    Total RW  Size (RW Data + ZI Data)             10976 (  10.72kB)
    Total ROM Size (Code + RO Data + RW Data)      25792 (  25.19kB)

==============================================================================

