<html>
<body>
<pre>
<h1>µVision Build Log</h1>
<h2>Tool Versions:</h2>
IDE-Version: ¦ÌVision V5.37.0.0
Copyright (C) 2022 ARM Ltd and ARM Germany GmbH. All rights reserved.
License Information: 1 1, 1, LIC=76F5U-S61AB-309NC-7LBZD-WTZ5F-LU3IE
 
Tool Versions:
Toolchain:       MDK-ARM Plus  Version: 5.37.0.0
Toolchain Path:  D:\keil_v5\ARM\ARMCC\Bin
C Compiler:      Armcc.exe V5.06 update 7 (build 960)
Assembler:       Armasm.exe V5.06 update 7 (build 960)
Linker/Locator:  ArmLink.exe V5.06 update 7 (build 960)
Library Manager: ArmAr.exe V5.06 update 7 (build 960)
Hex Converter:   FromElf.exe V5.06 update 7 (build 960)
CPU DLL:         SARMCM3.DLL V5.37.0.0
Dialog DLL:      DCM.DLL V1.17.5.0
Target DLL:      STLink\ST-LINKIII-KEIL_SWO.dll V3.0.9.0
Dialog DLL:      TCM.DLL V1.56.1.0
 
<h2>Project:</h2>
D:\AAA-TinyMLproject\1st_project\MDK-ARM\1st_project.uvprojx
Project File Date:  09/29/2023

<h2>Output:</h2>
*** Using Compiler 'V5.06 update 7 (build 960)', folder: 'D:\keil_v5\ARM\ARMCC\Bin'
Build target '1st_project'
compiling main.c...
../Core/Src/main.c(59): warning:  #177-D: variable "tx_buffer"  was declared but never referenced
  static uint8_t tx_buffer[1000];
../Core/Src/main.c(107): warning:  #177-D: function "tx_com"  was declared but never referenced
  static void tx_com(uint8_t *tx_buffer, uint16_t len)
../Core/Src/main.c: 2 warnings, 0 errors
linking...
1st_project\1st_project.axf: Warning: L6989W: Could not apply patch sdcomp-29491-629360 to instruction VPOP     {d8-d15} at offset 0xf4, instruction is within an IT block and is not the last instruction for log.o(i.__hardfp_log).
1st_project\1st_project.axf: Warning: L6989W: Could not apply patch sdcomp-29491-629360 to instruction VPOP     {d8-d15} at offset 0xf0, instruction is within an IT block and is not the last instruction for log_x.o(i.____hardfp_log$lsc).
Program Size: Code=25144 RO-data=628 RW-data=528 ZI-data=10448  
Finished: 0 information, 2 warning and 0 error messages.
FromELF: creating hex file...
"1st_project\1st_project.axf" - 0 Error(s), 4 Warning(s).

<h2>Software Packages used:</h2>

Package Vendor: ARM
                http://www.keil.com/pack/ARM.CMSIS.5.9.0.pack
                ARM.CMSIS.5.9.0
                CMSIS (Common Microcontroller Software Interface Standard)
   * Component: CORE Version: 5.6.0

Package Vendor: Keil
                http://www.keil.com/pack/Keil.STM32L4xx_DFP.2.6.1.pack
                Keil.STM32L4xx_DFP.2.6.1
                STMicroelectronics STM32L4 Series Device Support, Drivers and Examples

<h2>Collection of Component include folders:</h2>
  ./RTE/_1st_project
  D:/keil_v5/ARM/Packs/ARM/CMSIS/5.9.0/CMSIS/Core/Include
  D:/keil_v5/ARM/Packs/Keil/STM32L4xx_DFP/2.6.1/Drivers/CMSIS/Device/ST/STM32L4xx/Include

<h2>Collection of Component Files used:</h2>

   * Component: ARM::CMSIS:CORE:5.6.0
      Include file:  CMSIS/Core/Include/tz_context.h
Build Time Elapsed:  00:00:02
</pre>
</body>
</html>
